Component: Arm Compiler for Embedded 6.21 Tool: armlink [5ec1fa00]

==============================================================================

Section Cross References

    delay.o(.text.delay_ms) refers to stm32f10x_tim.o(.text.TIM_SetCounter) for TIM_SetCounter
    delay.o(.text.delay_ms) refers to stm32f10x_tim.o(.text.TIM_GetCounter) for TIM_GetCounter
    delay.o(.ARM.exidx.text.delay_ms) refers to delay.o(.text.delay_ms) for [Anonymous Symbol]
    delay.o(.text.Tim_init) refers to stm32f10x_rcc.o(.text.RCC_APB1PeriphClockCmd) for RCC_APB1PeriphClockCmd
    delay.o(.text.Tim_init) refers to stm32f10x_tim.o(.text.TIM_TimeBaseInit) for TIM_TimeBaseInit
    delay.o(.text.Tim_init) refers to stm32f10x_tim.o(.text.TIM_Cmd) for TIM_Cmd
    delay.o(.ARM.exidx.text.Tim_init) refers to delay.o(.text.Tim_init) for [Anonymous Symbol]
    stm32f1_rc522.o(.text.RC522_SPI_Transfer) refers to stm32f10x_spi.o(.text.SPI_I2S_GetFlagStatus) for SPI_I2S_GetFlagStatus
    stm32f1_rc522.o(.text.RC522_SPI_Transfer) refers to stm32f10x_spi.o(.text.SPI_I2S_SendData) for SPI_I2S_SendData
    stm32f1_rc522.o(.text.RC522_SPI_Transfer) refers to stm32f10x_spi.o(.text.SPI_I2S_ReceiveData) for SPI_I2S_ReceiveData
    stm32f1_rc522.o(.ARM.exidx.text.RC522_SPI_Transfer) refers to stm32f1_rc522.o(.text.RC522_SPI_Transfer) for [Anonymous Symbol]
    stm32f1_rc522.o(.text.Write_MFRC522) refers to stm32f10x_gpio.o(.text.GPIO_ResetBits) for GPIO_ResetBits
    stm32f1_rc522.o(.text.Write_MFRC522) refers to stm32f1_rc522.o(.text.RC522_SPI_Transfer) for RC522_SPI_Transfer
    stm32f1_rc522.o(.text.Write_MFRC522) refers to stm32f10x_gpio.o(.text.GPIO_SetBits) for GPIO_SetBits
    stm32f1_rc522.o(.ARM.exidx.text.Write_MFRC522) refers to stm32f1_rc522.o(.text.Write_MFRC522) for [Anonymous Symbol]
    stm32f1_rc522.o(.text.Read_MFRC522) refers to stm32f10x_gpio.o(.text.GPIO_ResetBits) for GPIO_ResetBits
    stm32f1_rc522.o(.text.Read_MFRC522) refers to stm32f1_rc522.o(.text.RC522_SPI_Transfer) for RC522_SPI_Transfer
    stm32f1_rc522.o(.text.Read_MFRC522) refers to stm32f10x_gpio.o(.text.GPIO_SetBits) for GPIO_SetBits
    stm32f1_rc522.o(.ARM.exidx.text.Read_MFRC522) refers to stm32f1_rc522.o(.text.Read_MFRC522) for [Anonymous Symbol]
    stm32f1_rc522.o(.text.SetBitMask) refers to stm32f1_rc522.o(.text.Read_MFRC522) for Read_MFRC522
    stm32f1_rc522.o(.text.SetBitMask) refers to stm32f1_rc522.o(.text.Write_MFRC522) for Write_MFRC522
    stm32f1_rc522.o(.ARM.exidx.text.SetBitMask) refers to stm32f1_rc522.o(.text.SetBitMask) for [Anonymous Symbol]
    stm32f1_rc522.o(.text.ClearBitMask) refers to stm32f1_rc522.o(.text.Read_MFRC522) for Read_MFRC522
    stm32f1_rc522.o(.text.ClearBitMask) refers to stm32f1_rc522.o(.text.Write_MFRC522) for Write_MFRC522
    stm32f1_rc522.o(.ARM.exidx.text.ClearBitMask) refers to stm32f1_rc522.o(.text.ClearBitMask) for [Anonymous Symbol]
    stm32f1_rc522.o(.text.AntennaOn) refers to stm32f1_rc522.o(.text.Read_MFRC522) for Read_MFRC522
    stm32f1_rc522.o(.text.AntennaOn) refers to stm32f1_rc522.o(.text.SetBitMask) for SetBitMask
    stm32f1_rc522.o(.ARM.exidx.text.AntennaOn) refers to stm32f1_rc522.o(.text.AntennaOn) for [Anonymous Symbol]
    stm32f1_rc522.o(.text.AntennaOff) refers to stm32f1_rc522.o(.text.ClearBitMask) for ClearBitMask
    stm32f1_rc522.o(.ARM.exidx.text.AntennaOff) refers to stm32f1_rc522.o(.text.AntennaOff) for [Anonymous Symbol]
    stm32f1_rc522.o(.text.MFRC522_Reset) refers to stm32f1_rc522.o(.text.Write_MFRC522) for Write_MFRC522
    stm32f1_rc522.o(.ARM.exidx.text.MFRC522_Reset) refers to stm32f1_rc522.o(.text.MFRC522_Reset) for [Anonymous Symbol]
    stm32f1_rc522.o(.text.MFRC522_SPI_Init) refers to stm32f10x_rcc.o(.text.RCC_APB2PeriphClockCmd) for RCC_APB2PeriphClockCmd
    stm32f1_rc522.o(.text.MFRC522_SPI_Init) refers to stm32f10x_rcc.o(.text.RCC_APB1PeriphClockCmd) for RCC_APB1PeriphClockCmd
    stm32f1_rc522.o(.text.MFRC522_SPI_Init) refers to stm32f10x_gpio.o(.text.GPIO_Init) for GPIO_Init
    stm32f1_rc522.o(.text.MFRC522_SPI_Init) refers to stm32f10x_spi.o(.text.SPI_Init) for SPI_Init
    stm32f1_rc522.o(.text.MFRC522_SPI_Init) refers to stm32f10x_spi.o(.text.SPI_Cmd) for SPI_Cmd
    stm32f1_rc522.o(.ARM.exidx.text.MFRC522_SPI_Init) refers to stm32f1_rc522.o(.text.MFRC522_SPI_Init) for [Anonymous Symbol]
    stm32f1_rc522.o(.text.MFRC522_Init) refers to stm32f1_rc522.o(.text.MFRC522_SPI_Init) for MFRC522_SPI_Init
    stm32f1_rc522.o(.text.MFRC522_Init) refers to stm32f10x_gpio.o(.text.GPIO_SetBits) for GPIO_SetBits
    stm32f1_rc522.o(.text.MFRC522_Init) refers to stm32f1_rc522.o(.text.MFRC522_Reset) for MFRC522_Reset
    stm32f1_rc522.o(.text.MFRC522_Init) refers to stm32f1_rc522.o(.text.Write_MFRC522) for Write_MFRC522
    stm32f1_rc522.o(.text.MFRC522_Init) refers to stm32f1_rc522.o(.text.AntennaOn) for AntennaOn
    stm32f1_rc522.o(.ARM.exidx.text.MFRC522_Init) refers to stm32f1_rc522.o(.text.MFRC522_Init) for [Anonymous Symbol]
[...]
    .text                                    0x08000270   Section       64  startup_stm32f10x_md.o(.text)
    .text                                    0x080002b0   Section        0  printf.o(.text)
    .text                                    0x080002c8   Section        0  heapauxi.o(.text)
    .text                                    0x080002ce   Section        0  _printf_pad.o(.text)
    .text                                    0x0800031c   Section        0  _printf_truncate.o(.text)
    .text                                    0x08000340   Section        0  _printf_str.o(.text)
    .text                                    0x08000394   Section        0  _printf_dec.o(.text)
    .text                                    0x0800040c   Section        0  _printf_charcount.o(.text)
    .text                                    0x08000434   Section        0  _printf_char_file.o(.text)
    .text                                    0x08000458   Section        0  _printf_wctomb.o(.text)
    .text                                    0x08000514   Section        0  _printf_longlong_dec.o(.text)
    _printf_longlong_oct_internal            0x08000591   Thumb Code     0  _printf_oct_int_ll.o(.text)
    .text                                    0x08000590   Section        0  _printf_oct_int_ll.o(.text)
    _printf_hex_common                       0x08000601   Thumb Code     0  _printf_hex_int_ll_ptr.o(.text)
    .text                                    0x08000600   Section        0  _printf_hex_int_ll_ptr.o(.text)
    .text                                    0x08000694   Section        0  __printf_flags_ss_wp.o(.text)
    .text                                    0x0800081c   Section      138  lludiv10.o(.text)
    .text                                    0x080008a6   Section        0  _printf_intcommon.o(.text)
    _fp_digits                               0x08000959   Thumb Code   432  _printf_fp_dec.o(.text)
    .text                                    0x08000958   Section        0  _printf_fp_dec.o(.text)
    .text                                    0x08000d74   Section        0  _printf_fp_hex.o(.text)
    _printf_input_char                       0x08001071   Thumb Code    10  _printf_char_common.o(.text)
    .text                                    0x08001070   Section        0  _printf_char_common.o(.text)
    .text                                    0x080010a0   Section        0  _printf_char.o(.text)
    .text                                    0x080010cc   Section        0  _printf_wchar.o(.text)
    .text                                    0x080010f8   Section        0  ferror.o(.text)
    .text                                    0x08001100   Section        0  initio.o(.text)
    .text                                    0x08001238   Section        0  _c16rtomb.o(.text)
    .text                                    0x08001280   Section       74  sys_stackheap_outer.o(.text)
    .text                                    0x080012cc   Section       16  rt_ctype_table.o(.text)
    .text                                    0x080012dc   Section        8  rt_locale_intlibspace.o(.text)
    .text                                    0x080012e4   Section        0  h1_free.o(.text)
    .text                                    0x08001334   Section        0  _printf_fp_infnan.o(.text)
    .text                                    0x080013b4   Section        0  bigflt0.o(.text)
    .text                                    0x08001498   Section        0  flsbuf.o(.text)
    .text                                    0x0800167a   Section        0  setvbuf.o(.text)
    _freopen_locked                          0x080016c1   Thumb Code     0  fopen.o(.text)
    .text                                    0x080016c0   Section        0  fopen.o(.text)
    .text                                    0x080017b0   Section        0  fclose.o(.text)
    .text                                    0x080017fc   Section        0  exit.o(.text)
    .text                                    0x0800180e   Section        0  defsig_rtred_outer.o(.text)
    .text                                    0x0800181c   Section       78  rt_memclr_w.o(.text)
    .text                                    0x0800186a   Section        0  sys_io.o(.text)
    .text                                    0x080018d0   Section        8  libspace.o(.text)
    .text                                    0x080018d8   Section        8  rt_heap_descriptor_intlibspace.o(.text)
    .text                                    0x080018e0   Section        0  hguard.o(.text)
    .text                                    0x080018e4   Section        0  init_alloc.o(.text)
    .text                                    0x0800196e   Section        0  h1_alloc.o(.text)
    .text                                    0x080019cc   Section        0  fseek.o(.text)
    .text                                    0x08001ac4   Section        0  stdio.o(.text)
    .text                                    0x08001bcc   Section        0  defsig_exit.o(.text)
    .text                                    0x08001bd8   Section        0  defsig_rtred_inner.o(.text)
    .text                                    0x08001c0c   Section      128  strcmpv7m.o(.text)
    .text                                    0x08001c8c   Section        0  sys_exit.o(.text)
    .text                                    0x08001c98   Section        2  use_no_semi.o(.text)
    .text                                    0x08001c9a   Section        0  indicate_semi.o(.text)
    .text                                    0x08001c9a   Section        0  maybetermalloc1.o(.text)
    .text                                    0x08001c9a   Section        0  h1_init.o(.text)
    .text                                    0x08001ca6   Section        0  h1_extend.o(.text)
    .text                                    0x08001cda   Section        0  ftell.o(.text)
    .text                                    0x08001d1c   Section        0  defsig_general.o(.text)
    .text                                    0x08001d4e   Section        0  defsig_rtmem_outer.o(.text)
    .text                                    0x08001d5c   Section        0  strlen.o(.text)
    .text                                    0x08001d9a   Section        0  sys_wrch.o(.text)
    .text                                    0x08001da8   Section        8  rt_errno_addr_intlibspace.o(.text)
    .text                                    0x08001db0   Section        0  defsig_rtmem_inner.o(.text)
    [Anonymous Symbol]                       0x08001e00   Section        0  stm32f1_rc522.o(.text.AntennaOn)
    [Anonymous Symbol]                       0x08001e18   Section        0  stm32f1_rc522.o(.text.CalulateCRC)
    [Anonymous Symbol]                       0x08001ecc   Section        0  stm32f1_rc522.o(.text.ClearBitMask)
    [Anonymous Symbol]                       0x08001efc   Section        0  stm32f10x_gpio.o(.text.GPIO_Init)
    [Anonymous Symbol]                       0x08002084   Section        0  stm32f10x_gpio.o(.text.GPIO_ResetBits)
    [Anonymous Symbol]                       0x08002098   Section        0  stm32f10x_gpio.o(.text.GPIO_SetBits)
    [Anonymous Symbol]                       0x080020ac   Section        0  stm32f1_rc522.o(.text.MFRC522_Anticoll)
    [Anonymous Symbol]                       0x08002140   Section        0  stm32f1_rc522.o(.text.MFRC522_Auth)
    [Anonymous Symbol]                       0x08002200   Section        0  stm32f1_rc522.o(.text.MFRC522_Init)
    [Anonymous Symbol]                       0x08002260   Section        0  stm32f1_rc522.o(.text.MFRC522_Request)
    [Anonymous Symbol]                       0x080022b0   Section        0  stm32f1_rc522.o(.text.MFRC522_Reset)
    [Anonymous Symbol]                       0x080022bc   Section        0  stm32f1_rc522.o(.text.MFRC522_SPI_Init)
    [Anonymous Symbol]                       0x0800237c   Section        0  stm32f1_rc522.o(.text.MFRC522_SelectTag)
    [Anonymous Symbol]                       0x0800240c   Section        0  stm32f1_rc522.o(.text.MFRC522_ToCard)
    [Anonymous Symbol]                       0x0800260c   Section        0  stm32f1_rc522.o(.text.RC522_SPI_Transfer)
    [Anonymous Symbol]                       0x08002664   Section        0  stm32f10x_rcc.o(.text.RCC_APB1PeriphClockCmd)
    [Anonymous Symbol]                       0x0800269c   Section        0  stm32f10x_rcc.o(.text.RCC_APB2PeriphClockCmd)
    [Anonymous Symbol]                       0x080026d4   Section        0  stm32f10x_rcc.o(.text.RCC_GetClocksFreq)
    [Anonymous Symbol]                       0x08002848   Section        0  stm32f1_rc522.o(.text.Read_MFRC522)
    [Anonymous Symbol]                       0x08002890   Section        0  stm32f10x_spi.o(.text.SPI_Cmd)
    [Anonymous Symbol]                       0x080028bc   Section        0  stm32f10x_spi.o(.text.SPI_I2S_GetFlagStatus)
    [Anonymous Symbol]                       0x080028f4   Section        0  stm32f10x_spi.o(.text.SPI_I2S_ReceiveData)
    [Anonymous Symbol]                       0x08002900   Section        0  stm32f10x_spi.o(.text.SPI_I2S_SendData)
    [Anonymous Symbol]                       0x08002914   Section        0  stm32f10x_spi.o(.text.SPI_Init)
    [Anonymous Symbol]                       0x0800297c   Section        0  stm32f1_rc522.o(.text.SetBitMask)
    SetSysClock                              0x080029ad   Thumb Code     8  system_stm32f10x.o(.text.SetSysClock)
    [Anonymous Symbol]                       0x080029ac   Section        0  system_stm32f10x.o(.text.SetSysClock)
    SetSysClockTo72                          0x080029b5   Thumb Code   290  system_stm32f10x.o(.text.SetSysClockTo72)
    [Anonymous Symbol]                       0x080029b4   Section        0  system_stm32f10x.o(.text.SetSysClockTo72)
    [Anonymous Symbol]                       0x08002ad8   Section        0  system_stm32f10x.o(.text.SystemInit)
    [Anonymous Symbol]                       0x08002b40   Section        0  stm32f10x_tim.o(.text.TIM_Cmd)
    [Anonymous Symbol]                       0x08002b6c   Section        0  stm32f10x_tim.o(.text.TIM_GetCounter)
    [Anonymous Symbol]                       0x08002b78   Section        0  stm32f10x_tim.o(.text.TIM_OC4Init)
    [Anonymous Symbol]                       0x08002c68   Section        0  stm32f10x_tim.o(.text.TIM_OC4PreloadConfig)
    [Anonymous Symbol]                       0x08002ca8   Section        0  stm32f10x_tim.o(.text.TIM_SetCounter)
    [Anonymous Symbol]                       0x08002cbc   Section        0  stm32f10x_tim.o(.text.TIM_TimeBaseInit)
    [Anonymous Symbol]                       0x08002e00   Section        0  pwm.o(.text.Tim_PWMinit)
    [Anonymous Symbol]                       0x08002eac   Section        0  delay.o(.text.Tim_init)
    [Anonymous Symbol]                       0x08002ef0   Section        0  uart_debug.o(.text.UART_Config_debug)
    [Anonymous Symbol]                       0x08002f9c   Section        0  stm32f10x_usart.o(.text.USART_Cmd)
    [Anonymous Symbol]                       0x08002fc8   Section        0  stm32f10x_usart.o(.text.USART_Init)
    [Anonymous Symbol]                       0x08003124   Section        0  stm32f1_rc522.o(.text.Write_MFRC522)
    [Anonymous Symbol]                       0x08003168   Section        0  delay.o(.text.delay_ms)
    [Anonymous Symbol]                       0x08003194   Section        0  main.o(.text.main)
    CL$$btod_d2e                             0x08003348   Section       62  btod.o(CL$$btod_d2e)
    CL$$btod_d2e_denorm_low                  0x08003386   Section       70  btod.o(CL$$btod_d2e_denorm_low)
    CL$$btod_d2e_norm_op1                    0x080033cc   Section       96  btod.o(CL$$btod_d2e_norm_op1)
    CL$$btod_div_common                      0x0800342c   Section      824  btod.o(CL$$btod_div_common)
    CL$$btod_e2e                             0x08003764   Section      220  btod.o(CL$$btod_e2e)
    CL$$btod_ediv                            0x08003840   Section       42  btod.o(CL$$btod_ediv)
    CL$$btod_emul                            0x0800386a   Section       42  btod.o(CL$$btod_emul)
    CL$$btod_mult_common                     0x08003894   Section      580  btod.o(CL$$btod_mult_common)
    i.__ARM_fpclassify                       0x08003ad8   Section        0  fpclassify.o(i.__ARM_fpclassify)
    i._is_digit                              0x08003b00   Section        0  __printf_wp.o(i._is_digit)
    i.fputc                                  0x08003b0e   Section        0  fputc.o(i.fputc)
    locale$$code                             0x08003b2c   Section       44  lc_numeric_c.o(locale$$code)
    locale$$code                             0x08003b58   Section       44  lc_ctype_c.o(locale$$code)
    x$fpl$printf1                            0x08003b84   Section        4  printf1.o(x$fpl$printf1)
    x$fpl$printf2                            0x08003b88   Section        4  printf2.o(x$fpl$printf2)
    initial_mbstate                          0x08003b8c   Data           8  _printf_wctomb.o(.constdata)
    .constdata                               0x08003b8c   Section        8  _printf_wctomb.o(.constdata)
    x$fpl$usenofp                            0x08003b8c   Section        0  usenofp.o(x$fpl$usenofp)
    uc_hextab                                0x08003b94   Data          20  _printf_hex_int_ll_ptr.o(.constdata)
    .constdata                               0x08003b94   Section       40  _printf_hex_int_ll_ptr.o(.constdata)
    lc_hextab                                0x08003ba8   Data          20  _printf_hex_int_ll_ptr.o(.constdata)
    maptable                                 0x08003bbc   Data          17  __printf_flags_ss_wp.o(.constdata)
    .constdata                               0x08003bbc   Section       17  __printf_flags_ss_wp.o(.constdata)
    lc_hextab                                0x08003bcd   Data          19  _printf_fp_hex.o(.constdata)
    .constdata                               0x08003bcd   Section       38  _printf_fp_hex.o(.constdata)
    uc_hextab                                0x08003be0   Data          19  _printf_fp_hex.o(.constdata)
    .constdata                               0x08003bf3   Section        4  sys_io_names.o(.constdata)
    .constdata                               0x08003bf7   Section        4  sys_io_names.o(.constdata)
    .constdata                               0x08003bfb   Section        4  sys_io_names.o(.constdata)
    tenpwrs_x                                0x08003c00   Data          60  bigflt0.o(.constdata)
    .constdata                               0x08003c00   Section      148  bigflt0.o(.constdata)
    tenpwrs_i                                0x08003c3c   Data          64  bigflt0.o(.constdata)
    ADCPrescTable                            0x08003c94   Data           4  stm32f10x_rcc.o(.rodata.ADCPrescTable)
    [Anonymous Symbol]                       0x08003c94   Section        0  stm32f10x_rcc.o(.rodata.ADCPrescTable)
    APBAHBPrescTable                         0x08003c98   Data          16  stm32f10x_rcc.o(.rodata.APBAHBPrescTable)
    [Anonymous Symbol]                       0x08003c98   Section        0  stm32f10x_rcc.o(.rodata.APBAHBPrescTable)
    .L.str                                   0x08003ca8   Data          11  main.o(.rodata.str1.1)
    [Anonymous Symbol]                       0x08003ca8   Section        0  main.o(.rodata.str1.1)
    .L.str.5                                 0x08003cb3   Data          10  main.o(.rodata.str1.1)
    .L.str.1                                 0x08003cbd   Data          18  main.o(.rodata.str1.1)
    .L.str.3                                 0x08003ccf   Data          16  main.o(.rodata.str1.1)
    .L.str.2                                 0x08003cdf   Data          35  main.o(.rodata.str1.1)
    .L.str.4                                 0x08003d02   Data          12  main.o(.rodata.str1.1)
    locale$$data                             0x08003d30   Section       28  lc_numeric_c.o(locale$$data)
    __lcnum_c_name                           0x08003d34   Data           2  lc_numeric_c.o(locale$$data)
    __lcnum_c_start                          0x08003d3c   Data           0  lc_numeric_c.o(locale$$data)
    __lcnum_c_point                          0x08003d48   Data           0  lc_numeric_c.o(locale$$data)
    __lcnum_c_thousands                      0x08003d4a   Data           0  lc_numeric_c.o(locale$$data)
    __lcnum_c_grouping                       0x08003d4b   Data           0  lc_numeric_c.o(locale$$data)
    __lcnum_c_end                            0x08003d4c   Data           0  lc_numeric_c.o(locale$$data)
    locale$$data                             0x08003d4c   Section      272  lc_ctype_c.o(locale$$data)
    __lcctype_c_name                         0x08003d50   Data           2  lc_ctype_c.o(locale$$data)
    __lcctype_c_start                        0x08003d58   Data           0  lc_ctype_c.o(locale$$data)
    __lcctype_c_end                          0x08003e5c   Data           0  lc_ctype_c.o(locale$$data)
    .data                                    0x20000000   Section        4  stdio_streams.o(.data)
    .data                                    0x20000004   Section        4  stdio_streams.o(.data)
    .data                                    0x20000008   Section        4  stdio_streams.o(.data)
    .bss                                     0x20000018   Section       84  stdio_streams.o(.bss)
    .bss                                     0x2000006c   Section       84  stdio_streams.o(.bss)
    .bss                                     0x200000c0   Section       84  stdio_streams.o(.bss)
    .bss                                     0x20000114   Section       96  libspace.o(.bss)
    Heap_Mem                                 0x20000198   Data         512  startup_stm32f10x_md.o(HEAP)
    HEAP                                     0x20000198   Section      512  startup_stm32f10x_md.o(HEAP)
    Stack_Mem                                0x20000398   Data        1024  startup_stm32f10x_md.o(STACK)
    STACK                                    0x20000398   Section     1024  startup_stm32f10x_md.o(STACK)
    __initial_sp                             0x20000798   Data           0  startup_stm32f10x_md.o(STACK)

    Global Symbols

    Symbol Name                              Value     Ov Type        Size  Object(Section)

    BuildAttributes$$THM_ISAv4$P$D$K$B$S$PE$A:L22UL41UL21$X:L11$S22US41US21$IEEE1$IW$~IW$USESV6$~STKCKD$USESV7$~SHL$OTIME$ROPI$IEEEJ$EBA8$UX$STANDARDLIB$REQ8$PRES8$EABIv2 0x00000000   Number         0  anon$$obj.o ABSOLUTE
    __fp_init_empty                          0x00000000   Number         0  fpinit_empty.o ABSOLUTE
    _printf_flags                            0x00000000   Number         0  printf_stubs.o ABSOLUTE
    _printf_return_value                     0x00000000   Number         0  printf_stubs.o ABSOLUTE
    _printf_sizespec                         0x00000000   Number         0  printf_stubs.o ABSOLUTE
    _printf_widthprec                        0x00000000   Number         0  printf_stubs.o ABSOLUTE
    __ARM_exceptions_init                     - Undefined Weak Reference
    __alloca_initialize                       - Undefined Weak Reference
    __arm_preinit_                            - Undefined Weak Reference
    __arm_relocate_pie_                       - Undefined Weak Reference
    __cpp_initialize__aeabi_                  - Undefined Weak Reference
    __cxa_finalize                            - Undefined Weak Reference
    __sigvec_lookup                           - Undefined Weak Reference
    __user_heap_extent                        - Undefined Weak Reference
    _atexit_init                              - Undefined Weak Reference
    _call_atexit_fns                          - Undefined Weak Reference
    _clock_init                               - Undefined Weak Reference
    _fp_trap_init                             - Undefined Weak Reference
    _fp_trap_shutdown                         - Undefined Weak Reference
    _get_lc_collate                           - Undefined Weak Reference
    _get_lc_monetary                          - Undefined Weak Reference
    _get_lc_time                              - Undefined Weak Reference
    _getenv_init                              - Undefined Weak Reference
    _handle_redirection                       - Undefined Weak Reference
    _mutex_acquire                            - Undefined Weak Reference
    _mutex_free                               - Undefined Weak Reference
    _mutex_release                            - Undefined Weak Reference
    _printf_mbtowc                            - Undefined Weak Reference
    _printf_wc                                - Undefined Weak Reference
    _rand_init                                - Undefined Weak Reference
    _signal_finish                            - Undefined Weak Reference
    _signal_init                              - Undefined Weak Reference
    __Vectors_Size                           0x000000ec   Number         0  startup_stm32f10x_md.o ABSOLUTE
    __Vectors                                0x08000000   Data           4  startup_stm32f10x_md.o(RESET)
    __Vectors_End                            0x080000ec   Data           0  startup_stm32f10x_md.o(RESET)
    __main                                   0x080000ed   Thumb Code     8  __main.o(!!!main)
    __scatterload                            0x080000f5   Thumb Code     0  __scatter.o(!!!scatter)
    __scatterload_rt2                        0x080000f5   Thumb Code    84  __scatter.o(!!!scatter)
    __scatterload_rt2_thumb_only             0x080000f5   Thumb Code     0  __scatter.o(!!!scatter)
    __scatterload_loop                       0x080000ff   Thumb Code     0  __scatter.o(!!!scatter)
    __scatterload_copy                       0x08000151   Thumb Code    26  __scatter_copy.o(!!handler_copy)
    __scatterload_null                       0x0800016d   Thumb Code     2  __scatter.o(!!handler_null)
    __scatterload_zeroinit                   0x08000171   Thumb Code    28  __scatter_zi.o(!!handler_zi)
    _printf_n                                0x0800018d   Thumb Code     0  _printf_n.o(.ARM.Collect$$_printf_percent$$00000001)
    _printf_percent                          0x0800018d   Thumb Code     0  _printf_percent.o(.ARM.Collect$$_printf_percent$$00000000)
    _printf_p                                0x08000193   Thumb Code     0  _printf_p.o(.ARM.Collect$$_printf_percent$$00000002)
    _printf_f                                0x08000199   Thumb Code     0  _printf_f.o(.ARM.Collect$$_printf_percent$$00000003)
    _printf_e                                0x0800019f   Thumb Code     0  _printf_e.o(.ARM.Collect$$_printf_percent$$00000004)
    _printf_g                                0x080001a5   Thumb Code     0  _printf_g.o(.ARM.Collect$$_printf_percent$$00000005)
    _printf_a                                0x080001ab   Thumb Code     0  _printf_a.o(.ARM.Collect$$_printf_percent$$00000006)
    _printf_ll                               0x080001b1   Thumb Code     0  _printf_ll.o(.ARM.Collect$$_printf_percent$$00000007)
    _printf_i                                0x080001bb   Thumb Code     0  _printf_i.o(.ARM.Collect$$_printf_percent$$00000008)
    _printf_d                                0x080001c1   Thumb Code     0  _printf_d.o(.ARM.Collect$$_printf_percent$$00000009)
    _printf_u                                0x080001c7   Thumb Code     0  _printf_u.o(.ARM.Collect$$_printf_percent$$0000000A)
    _printf_o                                0x080001cd   Thumb Code     0  _printf_o.o(.ARM.Collect$$_printf_percent$$0000000B)
    _printf_x                                0x080001d3   Thumb Code     0  _printf_x.o(.ARM.Collect$$_printf_percent$$0000000C)
    _printf_lli                              0x080001d9   Thumb Code     0  _printf_lli.o(.ARM.Collect$$_printf_percent$$0000000D)
    _printf_lld                              0x080001df   Thumb Code     0  _printf_lld.o(.ARM.Collect$$_printf_percent$$0000000E)
    _printf_llu                              0x080001e5   Thumb Code     0  _printf_llu.o(.ARM.Collect$$_printf_percent$$0000000F)
    _printf_llo                              0x080001eb   Thumb Code     0  _printf_llo.o(.ARM.Collect$$_printf_percent$$00000010)
    _printf_llx                              0x080001f1   Thumb Code     0  _printf_llx.o(.ARM.Collect$$_printf_percent$$00000011)
    _printf_l                                0x080001f7   Thumb Code     0  _printf_l.o(.ARM.Collect$$_printf_percent$$00000012)
    _printf_c                                0x08000201   Thumb Code     0  _printf_c.o(.ARM.Collect$$_printf_percent$$00000013)
    _printf_s                                0x08000207   Thumb Code     0  _printf_s.o(.ARM.Collect$$_printf_percent$$00000014)
    _printf_lc                               0x0800020d   Thumb Code     0  _printf_lc.o(.ARM.Collect$$_printf_percent$$00000015)
    _printf_ls                               0x08000213   Thumb Code     0  _printf_ls.o(.ARM.Collect$$_printf_percent$$00000016)
    _printf_percent_end                      0x08000219   Thumb Code     0  _printf_percent_end.o(.ARM.Collect$$_printf_percent$$00000017)
    __rt_lib_init                            0x0800021d   Thumb Code     0  libinit.o(.ARM.Collect$$libinit$$00000000)
    __rt_lib_init_fp_1                       0x0800021f   Thumb Code     0  libinit2.o(.ARM.Collect$$libinit$$00000002)
    __rt_lib_init_heap_2                     0x0800021f   Thumb Code     0  libinit2.o(.ARM.Collect$$libinit$$00000007)
    __rt_lib_init_preinit_1                  0x0800021f   Thumb Code     0  libinit2.o(.ARM.Collect$$libinit$$00000006)
    __rt_lib_init_relocate_pie_1             0x0800021f   Thumb Code     0  libinit2.o(.ARM.Collect$$libinit$$00000004)
    __rt_lib_init_heap_1                     0x08000227   Thumb Code     0  libinit2.o(.ARM.Collect$$libinit$$0000000C)
    __rt_lib_init_lc_common                  0x08000227   Thumb Code     0  libinit2.o(.ARM.Collect$$libinit$$00000011)
    __rt_lib_init_rand_1                     0x08000227   Thumb Code     0  libinit2.o(.ARM.Collect$$libinit$$00000010)
    __rt_lib_init_user_alloc_1               0x08000227   Thumb Code     0  libinit2.o(.ARM.Collect$$libinit$$0000000E)
    __rt_lib_init_lc_collate_1               0x0800022d   Thumb Code     0  libinit2.o(.ARM.Collect$$libinit$$00000013)
    __rt_lib_init_lc_ctype_2                 0x0800022d   Thumb Code     0  libinit2.o(.ARM.Collect$$libinit$$00000014)
    __rt_lib_init_lc_ctype_1                 0x08000239   Thumb Code     0  libinit2.o(.ARM.Collect$$libinit$$00000015)
    __rt_lib_init_lc_monetary_1              0x08000239   Thumb Code     0  libinit2.o(.ARM.Collect$$libinit$$00000017)
    __rt_lib_init_lc_numeric_2               0x08000239   Thumb Code     0  libinit2.o(.ARM.Collect$$libinit$$00000018)
    __rt_lib_init_atexit_1                   0x08000243   Thumb Code     0  libinit2.o(.ARM.Collect$$libinit$$0000001D)
    __rt_lib_init_clock_1                    0x08000243   Thumb Code     0  libinit2.o(.ARM.Collect$$libinit$$00000023)
    __rt_lib_init_fp_trap_1                  0x08000243   Thumb Code     0  libinit2.o(.ARM.Collect$$libinit$$00000021)
    __rt_lib_init_getenv_1                   0x08000243   Thumb Code     0  libinit2.o(.ARM.Collect$$libinit$$00000025)
    __rt_lib_init_lc_numeric_1               0x08000243   Thumb Code     0  libinit2.o(.ARM.Collect$$libinit$$00000019)
    __rt_lib_init_lc_time_1                  0x08000243   Thumb Code     0  libinit2.o(.ARM.Collect$$libinit$$0000001B)
    __rt_lib_init_signal_1                   0x08000243   Thumb Code     0  libinit2.o(.ARM.Collect$$libinit$$0000001F)
    __rt_lib_init_stdio_2                    0x08000243   Thumb Code     0  libinit2.o(.ARM.Collect$$libinit$$00000026)
    __rt_lib_init_alloca_1                   0x08000247   Thumb Code     0  libinit2.o(.ARM.Collect$$libinit$$00000030)
    __rt_lib_init_argv_1                     0x08000247   Thumb Code     0  libinit2.o(.ARM.Collect$$libinit$$0000002E)
    __rt_lib_init_cpp_1                      0x08000247   Thumb Code     0  libinit2.o(.ARM.Collect$$libinit$$00000034)
    __rt_lib_init_exceptions_1               0x08000247   Thumb Code     0  libinit2.o(.ARM.Collect$$libinit$$00000032)
    __rt_lib_init_return                     0x08000247   Thumb Code     0  libinit2.o(.ARM.Collect$$libinit$$00000035)
    __rt_lib_init_stdio_1                    0x08000247   Thumb Code     0  libinit2.o(.ARM.Collect$$libinit$$00000027)
    __rt_lib_shutdown                        0x08000249   Thumb Code     0  libshutdown.o(.ARM.Collect$$libshutdown$$00000000)
    __rt_lib_shutdown_cpp_1                  0x0800024b   Thumb Code     0  libshutdown2.o(.ARM.Collect$$libshutdown$$00000002)
    __rt_lib_shutdown_stdio_2                0x0800024b   Thumb Code     0  libshutdown2.o(.ARM.Collect$$libshutdown$$00000003)
    __rt_lib_shutdown_fp_trap_1              0x0800024f   Thumb Code     0  libshutdown2.o(.ARM.Collect$$libshutdown$$00000007)
    __rt_lib_shutdown_heap_1                 0x0800024f   Thumb Code     0  libshutdown2.o(.ARM.Collect$$libshutdown$$0000000F)
    __rt_lib_shutdown_return                 0x0800024f   Thumb Code     0  libshutdown2.o(.ARM.Collect$$libshutdown$$00000010)
    __rt_lib_shutdown_signal_1               0x0800024f   Thumb Code     0  libshutdown2.o(.ARM.Collect$$libshutdown$$0000000A)
    __rt_lib_shutdown_stdio_1                0x0800024f   Thumb Code     0  libshutdown2.o(.ARM.Collect$$libshutdown$$00000004)
    __rt_lib_shutdown_user_alloc_1           0x0800024f   Thumb Code     0  libshutdown2.o(.ARM.Collect$$libshutdown$$0000000C)
    __rt_entry                               0x08000251   Thumb Code     0  __rtentry.o(.ARM.Collect$$rtentry$$00000000)
    __rt_entry_presh_1                       0x08000251   Thumb Code     0  __rtentry2.o(.ARM.Collect$$rtentry$$00000002)
    __rt_entry_sh                            0x08000251   Thumb Code     0  __rtentry4.o(.ARM.Collect$$rtentry$$00000004)
    __rt_entry_li                            0x08000257   Thumb Code     0  __rtentry2.o(.ARM.Collect$$rtentry$$0000000A)
    __rt_entry_postsh_1                      0x08000257   Thumb Code     0  __rtentry2.o(.ARM.Collect$$rtentry$$00000009)
    __rt_entry_main                          0x0800025b   Thumb Code     0  __rtentry2.o(.ARM.Collect$$rtentry$$0000000D)
    __rt_entry_postli_1                      0x0800025b   Thumb Code     0  __rtentry2.o(.ARM.Collect$$rtentry$$0000000C)
    __rt_exit                                0x08000263   Thumb Code     0  rtexit.o(.ARM.Collect$$rtexit$$00000000)
    __rt_exit_ls                             0x08000265   Thumb Code     0  rtexit2.o(.ARM.Collect$$rtexit$$00000003)
    __rt_exit_prels_1                        0x08000265   Thumb Code     0  rtexit2.o(.ARM.Collect$$rtexit$$00000002)
    __rt_exit_exit                           0x08000269   Thumb Code     0  rtexit2.o(.ARM.Collect$$rtexit$$00000004)
    Reset_Handler                            0x08000271   Thumb Code     8  startup_stm32f10x_md.o(.text)
    NMI_Handler                              0x08000279   Thumb Code     2  startup_stm32f10x_md.o(.text)
    HardFault_Handler                        0x0800027b   Thumb Code     2  startup_stm32f10x_md.o(.text)
    MemManage_Handler                        0x0800027d   Thumb Code     2  startup_stm32f10x_md.o(.text)
    BusFault_Handler                         0x0800027f   Thumb Code     2  startup_stm32f10x_md.o(.text)
    UsageFault_Handler                       0x08000281   Thumb Code     2  startup_stm32f10x_md.o(.text)
    SVC_Handler                              0x08000283   Thumb Code     2  startup_stm32f10x_md.o(.text)
    DebugMon_Handler                         0x08000285   Thumb Code     2  startup_stm32f10x_md.o(.text)
    PendSV_Handler                           0x08000287   Thumb Code     2  startup_stm32f10x_md.o(.text)
    SysTick_Handler                          0x08000289   Thumb Code     2  startup_stm32f10x_md.o(.text)
    ADC1_2_IRQHandler                        0x0800028b   Thumb Code     0  startup_stm32f10x_md.o(.text)
    CAN1_RX1_IRQHandler                      0x0800028b   Thumb Code     0  startup_stm32f10x_md.o(.text)
    CAN1_SCE_IRQHandler                      0x0800028b   Thumb Code     0  startup_stm32f10x_md.o(.text)
    DMA1_Channel1_IRQHandler                 0x0800028b   Thumb Code     0  startup_stm32f10x_md.o(.text)
    DMA1_Channel2_IRQHandler                 0x0800028b   Thumb Code     0  startup_stm32f10x_md.o(.text)
    DMA1_Channel3_IRQHandler                 0x0800028b   Thumb Code     0  startup_stm32f10x_md.o(.text)
    DMA1_Channel4_IRQHandler                 0x0800028b   Thumb Code     0  startup_stm32f10x_md.o(.text)
    DMA1_Channel5_IRQHandler                 0x0800028b   Thumb Code     0  startup_stm32f10x_md.o(.text)
    DMA1_Channel6_IRQHandler                 0x0800028b   Thumb Code     0  startup_stm32f10x_md.o(.text)
    DMA1_Channel7_IRQHandler                 0x0800028b   Thumb Code     0  startup_stm32f10x_md.o(.text)
    EXTI0_IRQHandler                         0x0800028b   Thumb Code     0  startup_stm32f10x_md.o(.text)
    EXTI15_10_IRQHandler                     0x0800028b   Thumb Code     0  startup_stm32f10x_md.o(.text)
    EXTI1_IRQHandler                         0x0800028b   Thumb Code     0  startup_stm32f10x_md.o(.text)
    EXTI2_IRQHandler                         0x0800028b   Thumb Code     0  startup_stm32f10x_md.o(.text)
    EXTI3_IRQHandler                         0x0800028b   Thumb Code     0  startup_stm32f10x_md.o(.text)
    EXTI4_IRQHandler                         0x0800028b   Thumb Code     0  startup_stm32f10x_md.o(.text)
    EXTI9_5_IRQHandler                       0x0800028b   Thumb Code     0  startup_stm32f10x_md.o(.text)
    FLASH_IRQHandler                         0x0800028b   Thumb Code     0  startup_stm32f10x_md.o(.text)
    I2C1_ER_IRQHandler                       0x0800028b   Thumb Code     0  startup_stm32f10x_md.o(.text)
    I2C1_EV_IRQHandler                       0x0800028b   Thumb Code     0  startup_stm32f10x_md.o(.text)
    I2C2_ER_IRQHandler                       0x0800028b   Thumb Code     0  startup_stm32f10x_md.o(.text)
    I2C2_EV_IRQHandler                       0x0800028b   Thumb Code     0  startup_stm32f10x_md.o(.text)
    PVD_IRQHandler                           0x0800028b   Thumb Code     0  startup_stm32f10x_md.o(.text)
    RCC_IRQHandler                           0x0800028b   Thumb Code     0  startup_stm32f10x_md.o(.text)
    RTCAlarm_IRQHandler                      0x0800028b   Thumb Code     0  startup_stm32f10x_md.o(.text)
    RTC_IRQHandler                           0x0800028b   Thumb Code     0  startup_stm32f10x_md.o(.text)
    SPI1_IRQHandler                          0x0800028b   Thumb Code     0  startup_stm32f10x_md.o(.text)
    SPI2_IRQHandler                          0x0800028b   Thumb Code     0  startup_stm32f10x_md.o(.text)
    TAMPER_IRQHandler                        0x0800028b   Thumb Code     0  startup_stm32f10x_md.o(.text)
    TIM1_BRK_IRQHandler                      0x0800028b   Thumb Code     0  startup_stm32f10x_md.o(.text)
    TIM1_CC_IRQHandler                       0x0800028b   Thumb Code     0  startup_stm32f10x_md.o(.text)
    TIM1_TRG_COM_IRQHandler                  0x0800028b   Thumb Code     0  startup_stm32f10x_md.o(.text)
    TIM1_UP_IRQHandler                       0x0800028b   Thumb Code     0  startup_stm32f10x_md.o(.text)
    TIM2_IRQHandler                          0x0800028b   Thumb Code     0  startup_stm32f10x_md.o(.text)
    TIM3_IRQHandler                          0x0800028b   Thumb Code     0  startup_stm32f10x_md.o(.text)
    TIM4_IRQHandler                          0x0800028b   Thumb Code     0  startup_stm32f10x_md.o(.text)
    USART1_IRQHandler                        0x0800028b   Thumb Code     0  startup_stm32f10x_md.o(.text)
    USART2_IRQHandler                        0x0800028b   Thumb Code     0  startup_stm32f10x_md.o(.text)
    USART3_IRQHandler                        0x0800028b   Thumb Code     0  startup_stm32f10x_md.o(.text)
    USBWakeUp_IRQHandler                     0x0800028b   Thumb Code     0  startup_stm32f10x_md.o(.text)
    USB_HP_CAN1_TX_IRQHandler                0x0800028b   Thumb Code     0  startup_stm32f10x_md.o(.text)
    USB_LP_CAN1_RX0_IRQHandler               0x0800028b   Thumb Code     0  startup_stm32f10x_md.o(.text)
    WWDG_IRQHandler                          0x0800028b   Thumb Code     0  startup_stm32f10x_md.o(.text)
    __user_initial_stackheap                 0x0800028d   Thumb Code     0  startup_stm32f10x_md.o(.text)
    printf                                   0x080002b1   Thumb Code    20  printf.o(.text)
    __use_two_region_memory                  0x080002c9   Thumb Code     2  heapauxi.o(.text)
    __rt_heap_escrow                         0x080002cb   Thumb Code     2  heapauxi.o(.text)
    __rt_heap_expand                         0x080002cd   Thumb Code     2  heapauxi.o(.text)
    _printf_pre_padding                      0x080002cf   Thumb Code    44  _printf_pad.o(.text)
    _printf_post_padding                     0x080002fb   Thumb Code    34  _printf_pad.o(.text)
    _printf_truncate_signed                  0x0800031d   Thumb Code    18  _printf_truncate.o(.text)
    _printf_truncate_unsigned                0x0800032f   Thumb Code    18  _printf_truncate.o(.text)
    _printf_str                              0x08000341   Thumb Code    82  _printf_str.o(.text)
    _printf_int_dec                          0x08000395   Thumb Code   104  _printf_dec.o(.text)
    _printf_charcount                        0x0800040d   Thumb Code    40  _printf_charcount.o(.text)
    _printf_char_file                        0x08000435   Thumb Code    32  _printf_char_file.o(.text)
    _printf_wctomb                           0x08000459   Thumb Code   182  _printf_wctomb.o(.text)
    _printf_longlong_dec                     0x08000515   Thumb Code   108  _printf_longlong_dec.o(.text)
    _printf_longlong_oct                     0x08000591   Thumb Code    68  _printf_oct_int_ll.o(.text)
    _printf_int_oct                          0x080005d5   Thumb Code    24  _printf_oct_int_ll.o(.text)
    _printf_ll_oct                           0x080005ed   Thumb Code    12  _printf_oct_int_ll.o(.text)
    _printf_longlong_hex                     0x08000601   Thumb Code    86  _printf_hex_int_ll_ptr.o(.text)
    _printf_int_hex                          0x08000657   Thumb Code    28  _printf_hex_int_ll_ptr.o(.text)
    _printf_ll_hex                           0x08000673   Thumb Code    12  _printf_hex_int_ll_ptr.o(.text)
    _printf_hex_ptr                          0x0800067f   Thumb Code    18  _printf_hex_int_ll_ptr.o(.text)
    __printf                                 0x08000695   Thumb Code   388  __printf_flags_ss_wp.o(.text)
    _ll_udiv10                               0x0800081d   Thumb Code   138  lludiv10.o(.text)
    _printf_int_common                       0x080008a7   Thumb Code   178  _printf_intcommon.o(.text)
    _printf_fp_dec_real                      0x08000b09   Thumb Code   620  _printf_fp_dec.o(.text)
    _printf_fp_hex_real                      0x08000d75   Thumb Code   756  _printf_fp_hex.o(.text)
    _printf_char_common                      0x0800107b   Thumb Code    32  _printf_char_common.o(.text)
    _printf_cs_common                        0x080010a1   Thumb Code    20  _printf_char.o(.text)
    _printf_char                             0x080010b5   Thumb Code    16  _printf_char.o(.text)
    _printf_string                           0x080010c5   Thumb Code     8  _printf_char.o(.text)
    _printf_lcs_common                       0x080010cd   Thumb Code    20  _printf_wchar.o(.text)
    _printf_wchar                            0x080010e1   Thumb Code    16  _printf_wchar.o(.text)
    _printf_wstring                          0x080010f1   Thumb Code     8  _printf_wchar.o(.text)
    ferror                                   0x080010f9   Thumb Code     8  ferror.o(.text)
    _initio                                  0x08001101   Thumb Code   210  initio.o(.text)
    _terminateio                             0x080011d3   Thumb Code    56  initio.o(.text)
    _c16rtomb                                0x08001239   Thumb Code    72  _c16rtomb.o(.text)
    _wcrtomb                                 0x08001239   Thumb Code     0  _c16rtomb.o(.text)
    __user_setup_stackheap                   0x08001281   Thumb Code    74  sys_stackheap_outer.o(.text)
    __rt_ctype_table                         0x080012cd   Thumb Code    16  rt_ctype_table.o(.text)
    __rt_locale                              0x080012dd   Thumb Code     8  rt_locale_intlibspace.o(.text)
    free                                     0x080012e5   Thumb Code    78  h1_free.o(.text)
    _printf_fp_infnan                        0x08001335   Thumb Code   112  _printf_fp_infnan.o(.text)
    _btod_etento                             0x080013b5   Thumb Code   224  bigflt0.o(.text)
    __flsbuf                                 0x08001499   Thumb Code   482  flsbuf.o(.text)
    __flsbuf_byte                            0x08001499   Thumb Code     0  flsbuf.o(.text)
    __flsbuf_wide                            0x08001499   Thumb Code     0  flsbuf.o(.text)
    setvbuf                                  0x0800167b   Thumb Code    70  setvbuf.o(.text)
    freopen                                  0x080016c1   Thumb Code   160  fopen.o(.text)
    fopen                                    0x08001761   Thumb Code    74  fopen.o(.text)
    _fclose_internal                         0x080017b1   Thumb Code    76  fclose.o(.text)
    fclose                                   0x080017b1   Thumb Code     0  fclose.o(.text)
    exit                                     0x080017fd   Thumb Code    18  exit.o(.text)
    __rt_SIGRTRED                            0x0800180f   Thumb Code    14  defsig_rtred_outer.o(.text)
    __aeabi_memclr4                          0x0800181d   Thumb Code     0  rt_memclr_w.o(.text)
    __aeabi_memclr8                          0x0800181d   Thumb Code     0  rt_memclr_w.o(.text)
    __rt_memclr_w                            0x0800181d   Thumb Code     0  rt_memclr_w.o(.text)
    _memset_w                                0x08001821   Thumb Code    74  rt_memclr_w.o(.text)
    _sys_open                                0x0800186b   Thumb Code    20  sys_io.o(.text)
    _sys_close                               0x0800187f   Thumb Code    12  sys_io.o(.text)
    _sys_write                               0x0800188b   Thumb Code    16  sys_io.o(.text)
    _sys_read                                0x0800189b   Thumb Code    14  sys_io.o(.text)
    _sys_istty                               0x080018a9   Thumb Code    12  sys_io.o(.text)
    _sys_seek                                0x080018b5   Thumb Code    14  sys_io.o(.text)
    _sys_ensure                              0x080018c3   Thumb Code     2  sys_io.o(.text)
    _sys_flen                                0x080018c5   Thumb Code    12  sys_io.o(.text)
    __user_libspace                          0x080018d1   Thumb Code     8  libspace.o(.text)
    __user_perproc_libspace                  0x080018d1   Thumb Code     0  libspace.o(.text)
    __user_perthread_libspace                0x080018d1   Thumb Code     0  libspace.o(.text)
    __rt_heap_descriptor                     0x080018d9   Thumb Code     8  rt_heap_descriptor_intlibspace.o(.text)
    __use_no_heap                            0x080018e1   Thumb Code     2  hguard.o(.text)
    __heap$guard                             0x080018e3   Thumb Code     2  hguard.o(.text)
    _terminate_user_alloc                    0x080018e5   Thumb Code     2  init_alloc.o(.text)
    _init_user_alloc                         0x080018e7   Thumb Code     2  init_alloc.o(.text)
    __Heap_Full                              0x080018e9   Thumb Code    34  init_alloc.o(.text)
    __Heap_Broken                            0x0800190b   Thumb Code     6  init_alloc.o(.text)
    _init_alloc                              0x08001911   Thumb Code    94  init_alloc.o(.text)
    malloc                                   0x0800196f   Thumb Code    94  h1_alloc.o(.text)
    _fseek                                   0x080019cd   Thumb Code   242  fseek.o(.text)
    fseek                                    0x080019cd   Thumb Code     0  fseek.o(.text)
    _seterr                                  0x08001ac5   Thumb Code    20  stdio.o(.text)
    _writebuf                                0x08001ad9   Thumb Code   108  stdio.o(.text)
    _fflush                                  0x08001b45   Thumb Code    70  stdio.o(.text)
    _deferredlazyseek                        0x08001b8b   Thumb Code    60  stdio.o(.text)
    __sig_exit                               0x08001bcd   Thumb Code    10  defsig_exit.o(.text)
    __rt_SIGRTRED_inner                      0x08001bd9   Thumb Code    14  defsig_rtred_inner.o(.text)
    strcmp                                   0x08001c0d   Thumb Code   128  strcmpv7m.o(.text)
    _sys_exit                                0x08001c8d   Thumb Code     8  sys_exit.o(.text)
    __I$use$semihosting                      0x08001c99   Thumb Code     0  use_no_semi.o(.text)
    __use_no_semihosting_swi                 0x08001c99   Thumb Code     2  use_no_semi.o(.text)
    __Heap_Initialize                        0x08001c9b   Thumb Code     8  h1_init.o(.text)
    __semihosting_library_function           0x08001c9b   Thumb Code     0  indicate_semi.o(.text)
    _maybe_terminate_alloc                   0x08001c9b   Thumb Code     0  maybetermalloc1.o(.text)
    __Heap_DescSize                          0x08001ca3   Thumb Code     4  h1_init.o(.text)
    __Heap_ProvideMemory                     0x08001ca7   Thumb Code    52  h1_extend.o(.text)
    _ftell_internal                          0x08001cdb   Thumb Code    66  ftell.o(.text)
    ftell                                    0x08001cdb   Thumb Code     0  ftell.o(.text)
    __default_signal_display                 0x08001d1d   Thumb Code    50  defsig_general.o(.text)
    __rt_SIGRTMEM                            0x08001d4f   Thumb Code    14  defsig_rtmem_outer.o(.text)
    strlen                                   0x08001d5d   Thumb Code    62  strlen.o(.text)
    _ttywrch                                 0x08001d9b   Thumb Code    14  sys_wrch.o(.text)
    __aeabi_errno_addr                       0x08001da9   Thumb Code     8  rt_errno_addr_intlibspace.o(.text)
    __errno$intlibspace                      0x08001da9   Thumb Code     0  rt_errno_addr_intlibspace.o(.text)
    __rt_errno_addr$intlibspace              0x08001da9   Thumb Code     0  rt_errno_addr_intlibspace.o(.text)
    __rt_SIGRTMEM_inner                      0x08001db1   Thumb Code    22  defsig_rtmem_inner.o(.text)
    AntennaOn                                0x08001e01   Thumb Code    24  stm32f1_rc522.o(.text.AntennaOn)
    CalulateCRC                              0x08001e19   Thumb Code   180  stm32f1_rc522.o(.text.CalulateCRC)
    ClearBitMask                             0x08001ecd   Thumb Code    46  stm32f1_rc522.o(.text.ClearBitMask)
    GPIO_Init                                0x08001efd   Thumb Code   390  stm32f10x_gpio.o(.text.GPIO_Init)
    GPIO_ResetBits                           0x08002085   Thumb Code    20  stm32f10x_gpio.o(.text.GPIO_ResetBits)
    GPIO_SetBits                             0x08002099   Thumb Code    20  stm32f10x_gpio.o(.text.GPIO_SetBits)
    MFRC522_Anticoll                         0x080020ad   Thumb Code   146  stm32f1_rc522.o(.text.MFRC522_Anticoll)
    MFRC522_Auth                             0x08002141   Thumb Code   190  stm32f1_rc522.o(.text.MFRC522_Auth)
    MFRC522_Init                             0x08002201   Thumb Code    96  stm32f1_rc522.o(.text.MFRC522_Init)
    MFRC522_Request                          0x08002261   Thumb Code    80  stm32f1_rc522.o(.text.MFRC522_Request)
    MFRC522_Reset                            0x080022b1   Thumb Code    12  stm32f1_rc522.o(.text.MFRC522_Reset)
    MFRC522_SPI_Init                         0x080022bd   Thumb Code   190  stm32f1_rc522.o(.text.MFRC522_SPI_Init)
    MFRC522_SelectTag                        0x0800237d   Thumb Code   144  stm32f1_rc522.o(.text.MFRC522_SelectTag)
    MFRC522_ToCard                           0x0800240d   Thumb Code   510  stm32f1_rc522.o(.text.MFRC522_ToCard)
    RC522_SPI_Transfer                       0x0800260d   Thumb Code    86  stm32f1_rc522.o(.text.RC522_SPI_Transfer)
    RCC_APB1PeriphClockCmd                   0x08002665   Thumb Code    56  stm32f10x_rcc.o(.text.RCC_APB1PeriphClockCmd)
    RCC_APB2PeriphClockCmd                   0x0800269d   Thumb Code    56  stm32f10x_rcc.o(.text.RCC_APB2PeriphClockCmd)
    RCC_GetClocksFreq                        0x080026d5   Thumb Code   370  stm32f10x_rcc.o(.text.RCC_GetClocksFreq)
    Read_MFRC522                             0x08002849   Thumb Code    70  stm32f1_rc522.o(.text.Read_MFRC522)
    SPI_Cmd                                  0x08002891   Thumb Code    44  stm32f10x_spi.o(.text.SPI_Cmd)
    SPI_I2S_GetFlagStatus                    0x080028bd   Thumb Code    54  stm32f10x_spi.o(.text.SPI_I2S_GetFlagStatus)
    SPI_I2S_ReceiveData                      0x080028f5   Thumb Code    12  stm32f10x_spi.o(.text.SPI_I2S_ReceiveData)
    SPI_I2S_SendData                         0x08002901   Thumb Code    20  stm32f10x_spi.o(.text.SPI_I2S_SendData)
    SPI_Init                                 0x08002915   Thumb Code   104  stm32f10x_spi.o(.text.SPI_Init)
    SetBitMask                               0x0800297d   Thumb Code    46  stm32f1_rc522.o(.text.SetBitMask)
    SystemInit                               0x08002ad9   Thumb Code   102  system_stm32f10x.o(.text.SystemInit)
    TIM_Cmd                                  0x08002b41   Thumb Code    44  stm32f10x_tim.o(.text.TIM_Cmd)
    TIM_GetCounter                           0x08002b6d   Thumb Code    12  stm32f10x_tim.o(.text.TIM_GetCounter)
    TIM_OC4Init                              0x08002b79   Thumb Code   238  stm32f10x_tim.o(.text.TIM_OC4Init)
    TIM_OC4PreloadConfig                     0x08002c69   Thumb Code    62  stm32f10x_tim.o(.text.TIM_OC4PreloadConfig)
    TIM_SetCounter                           0x08002ca9   Thumb Code    20  stm32f10x_tim.o(.text.TIM_SetCounter)
    TIM_TimeBaseInit                         0x08002cbd   Thumb Code   322  stm32f10x_tim.o(.text.TIM_TimeBaseInit)
    Tim_PWMinit                              0x08002e01   Thumb Code   170  pwm.o(.text.Tim_PWMinit)
    Tim_init                                 0x08002ead   Thumb Code    66  delay.o(.text.Tim_init)
    UART_Config_debug                        0x08002ef1   Thumb Code   172  uart_debug.o(.text.UART_Config_debug)
    USART_Cmd                                0x08002f9d   Thumb Code    44  stm32f10x_usart.o(.text.USART_Cmd)
    USART_Init                               0x08002fc9   Thumb Code   348  stm32f10x_usart.o(.text.USART_Init)
    Write_MFRC522                            0x08003125   Thumb Code    66  stm32f1_rc522.o(.text.Write_MFRC522)
    delay_ms                                 0x08003169   Thumb Code    44  delay.o(.text.delay_ms)
    main                                     0x08003195   Thumb Code   436  main.o(.text.main)
    _btod_d2e                                0x08003349   Thumb Code    62  btod.o(CL$$btod_d2e)
    _d2e_denorm_low                          0x08003387   Thumb Code    70  btod.o(CL$$btod_d2e_denorm_low)
    _d2e_norm_op1                            0x080033cd   Thumb Code    96  btod.o(CL$$btod_d2e_norm_op1)
    __btod_div_common                        0x0800342d   Thumb Code   696  btod.o(CL$$btod_div_common)
    _e2e                                     0x08003765   Thumb Code   220  btod.o(CL$$btod_e2e)
    _btod_ediv                               0x08003841   Thumb Code    42  btod.o(CL$$btod_ediv)
    _btod_emul                               0x0800386b   Thumb Code    42  btod.o(CL$$btod_emul)
    __btod_mult_common                       0x08003895   Thumb Code   580  btod.o(CL$$btod_mult_common)
    __ARM_fpclassify                         0x08003ad9   Thumb Code    40  fpclassify.o(i.__ARM_fpclassify)
    _is_digit                                0x08003b01   Thumb Code    14  __printf_wp.o(i._is_digit)
    fputc                                    0x08003b0f   Thumb Code    28  fputc.o(i.fputc)
    _get_lc_numeric                          0x08003b2d   Thumb Code    44  lc_numeric_c.o(locale$$code)
    _get_lc_ctype                            0x08003b59   Thumb Code    44  lc_ctype_c.o(locale$$code)
    _printf_fp_dec                           0x08003b85   Thumb Code     4  printf1.o(x$fpl$printf1)
    _printf_fp_hex                           0x08003b89   Thumb Code     4  printf2.o(x$fpl$printf2)
    __I$use$fp                               0x08003b8c   Number         0  usenofp.o(x$fpl$usenofp)
    __stdin_name                             0x08003bf3   Data           4  sys_io_names.o(.constdata)
    __stdout_name                            0x08003bf7   Data           4  sys_io_names.o(.constdata)
    __stderr_name                            0x08003bfb   Data           4  sys_io_names.o(.constdata)
    Region$$Table$$Base                      0x08003d10   Number         0  anon$$obj.o(Region$$Table)
    Region$$Table$$Limit                     0x08003d30   Number         0  anon$$obj.o(Region$$Table)
    __ctype                                  0x08003d59   Data           0  lc_ctype_c.o(locale$$data)
    __aeabi_stdin                            0x20000000   Data           4  stdio_streams.o(.data)
    __aeabi_stdout                           0x20000004   Data           4  stdio_streams.o(.data)
    __aeabi_stderr                           0x20000008   Data           4  stdio_streams.o(.data)
    Key                                      0x2000000c   Data           6  main.o(.data.Key)
    __stdin                                  0x20000018   Data          84  stdio_streams.o(.bss)
    __stdout                                 0x2000006c   Data          84  stdio_streams.o(.bss)
    __stderr                                 0x200000c0   Data          84  stdio_streams.o(.bss)
    __libspace_start                         0x20000114   Data          96  libspace.o(.bss)
    UID                                      0x20000174   Data           5  main.o(.bss.UID)
    __temporary_stack_top$libspace           0x20000174   Data           0  libspace.o(.bss)
    check                                    0x2000017c   Data           4  main.o(.bss.check)
    status                                   0x20000180   Data           1  main.o(.bss.status)
    str                                      0x20000181   Data          16  main.o(.bss.str)



==============================================================================

Memory Map of the image

  Image Entry point : 0x080000ed

  Load Region LR_IROM1 (Base: 0x08000000, Size: 0x00003e78, Max: 0x00020000, ABSOLUTE)

    Execution Region ER_IROM1 (Exec base: 0x08000000, Load base: 0x08000000, Size: 0x00003e5c, Max: 0x00020000, ABSOLUTE)

    Exec Addr    Load Addr    Size         Type   Attr      Idx    E Section Name        Object

    0x08000000   0x08000000   0x000000ec   Data   RO          543    RESET               startup_stm32f10x_md.o
    0x080000ec   0x080000ec   0x00000008   Code   RO          588  * !!!main             c_w.l(__main.o)
    0x080000f4   0x080000f4   0x0000005c   Code   RO         1110    !!!scatter          c_w.l(__scatter.o)
    0x08000150   0x08000150   0x0000001a   Code   RO         1114    !!handler_copy      c_w.l(__scatter_copy.o)
    0x0800016a   0x0800016a   0x00000002   PAD
    0x0800016c   0x0800016c   0x00000002   Code   RO         1111    !!handler_null      c_w.l(__scatter.o)
    0x0800016e   0x0800016e   0x00000002   PAD
    0x08000170   0x08000170   0x0000001c   Code   RO         1116    !!handler_zi        c_w.l(__scatter_zi.o)
    0x0800018c   0x0800018c   0x00000000   Code   RO          670    .ARM.Collect$$_printf_percent$$00000000  c_w.l(_printf_percent.o)
    0x0800018c   0x0800018c   0x00000006   Code   RO          659    .ARM.Collect$$_printf_percent$$00000001  c_w.l(_printf_n.o)
    0x08000192   0x08000192   0x00000006   Code   RO          661    .ARM.Collect$$_printf_percent$$00000002  c_w.l(_printf_p.o)
    0x08000198   0x08000198   0x00000006   Code   RO          666    .ARM.Collect$$_printf_percent$$00000003  c_w.l(_printf_f.o)
    0x0800019e   0x0800019e   0x00000006   Code   RO          667    .ARM.Collect$$_printf_percent$$00000004  c_w.l(_printf_e.o)
    0x080001a4   0x080001a4   0x00000006   Code   RO          668    .ARM.Collect$$_printf_percent$$00000005  c_w.l(_printf_g.o)
    0x080001aa   0x080001aa   0x00000006   Code   RO          669    .ARM.Collect$$_printf_percent$$00000006  c_w.l(_printf_a.o)
    0x080001b0   0x080001b0   0x0000000a   Code   RO          674    .ARM.Collect$$_printf_percent$$00000007  c_w.l(_printf_ll.o)
    0x080001ba   0x080001ba   0x00000006   Code   RO          663    .ARM.Collect$$_printf_percent$$00000008  c_w.l(_printf_i.o)
    0x080001c0   0x080001c0   0x00000006   Code   RO          664    .ARM.Collect$$_printf_percent$$00000009  c_w.l(_printf_d.o)
    0x080001c6   0x080001c6   0x00000006   Code   RO          665    .ARM.Collect$$_printf_percent$$0000000A  c_w.l(_printf_u.o)
    0x080001cc   0x080001cc   0x00000006   Code   RO          662    .ARM.Collect$$_printf_percent$$0000000B  c_w.l(_printf_o.o)
    0x080001d2   0x080001d2   0x00000006   Code   RO          660    .ARM.Collect$$_printf_percent$$0000000C  c_w.l(_printf_x.o)
    0x080001d8   0x080001d8   0x00000006   Code   RO          671    .ARM.Collect$$_printf_percent$$0000000D  c_w.l(_printf_lli.o)
    0x080001de   0x080001de   0x00000006   Code   RO          672    .ARM.Collect$$_printf_percent$$0000000E  c_w.l(_printf_lld.o)
    0x080001e4   0x080001e4   0x00000006   Code   RO          673    .ARM.Collect$$_printf_percent$$0000000F  c_w.l(_printf_llu.o)
    0x080001ea   0x080001ea   0x00000006   Code   RO          678    .ARM.Collect$$_printf_percent$$00000010  c_w.l(_printf_llo.o)
    0x080001f0   0x080001f0   0x00000006   Code   RO          679    .ARM.Collect$$_printf_percent$$00000011  c_w.l(_printf_llx.o)
    0x080001f6   0x080001f6   0x0000000a   Code   RO          675    .ARM.Collect$$_printf_percent$$00000012  c_w.l(_printf_l.o)
    0x08000200   0x08000200   0x00000006   Code   RO          657    .ARM.Collect$$_printf_percent$$00000013  c_w.l(_printf_c.o)
    0x08000206   0x08000206   0x00000006   Code   RO          658    .ARM.Collect$$_printf_percent$$00000014  c_w.l(_printf_s.o)
    0x0800020c   0x0800020c   0x00000006   Code   RO          676    .ARM.Collect$$_printf_percent$$00000015  c_w.l(_printf_lc.o)
    0x08000212   0x08000212   0x00000006   Code   RO          677    .ARM.Collect$$_printf_percent$$00000016  c_w.l(_printf_ls.o)
    0x08000218   0x08000218   0x00000004   Code   RO          726    .ARM.Collect$$_printf_percent$$00000017  c_w.l(_printf_percent_end.o)
    0x0800021c   0x0800021c   0x00000002   Code   RO          873    .ARM.Collect$$libinit$$00000000  c_w.l(libinit.o)
    0x0800021e   0x0800021e   0x00000000   Code   RO          875    .ARM.Collect$$libinit$$00000002  c_w.l(libinit2.o)
    0x0800021e   0x0800021e   0x00000000   Code   RO          877    .ARM.Collect$$libinit$$00000004  c_w.l(libinit2.o)
    0x0800021e   0x0800021e   0x00000000   Code   RO          879    .ARM.Collect$$libinit$$00000006  c_w.l(libinit2.o)
    0x0800021e   0x0800021e   0x00000008   Code   RO          880    .ARM.Collect$$libinit$$00000007  c_w.l(libinit2.o)
    0x08000226   0x08000226   0x00000000   Code   RO          882    .ARM.Collect$$libinit$$0000000C  c_w.l(libinit2.o)
    0x08000226   0x08000226   0x00000000   Code   RO          884    .ARM.Collect$$libinit$$0000000E  c_w.l(libinit2.o)
    0x08000226   0x08000226   0x00000000   Code   RO          886    .ARM.Collect$$libinit$$00000010  c_w.l(libinit2.o)
    0x08000226   0x08000226   0x00000006   Code   RO          887    .ARM.Collect$$libinit$$00000011  c_w.l(libinit2.o)
    0x0800022c   0x0800022c   0x00000000   Code   RO          889    .ARM.Collect$$libinit$$00000013  c_w.l(libinit2.o)
    0x0800022c   0x0800022c   0x0000000c   Code   RO          890    .ARM.Collect$$libinit$$00000014  c_w.l(libinit2.o)
    0x08000238   0x08000238   0x00000000   Code   RO          891    .ARM.Collect$$libinit$$00000015  c_w.l(libinit2.o)
    0x08000238   0x08000238   0x00000000   Code   RO          893    .ARM.Collect$$libinit$$00000017  c_w.l(libinit2.o)
    0x08000238   0x08000238   0x0000000a   Code   RO          894    .ARM.Collect$$libinit$$00000018  c_w.l(libinit2.o)
    0x08000242   0x08000242   0x00000000   Code   RO          895    .ARM.Collect$$libinit$$00000019  c_w.l(libinit2.o)
    0x08000242   0x08000242   0x00000000   Code   RO          897    .ARM.Collect$$libinit$$0000001B  c_w.l(libinit2.o)
    0x08000242   0x08000242   0x00000000   Code   RO          899    .ARM.Collect$$libinit$$0000001D  c_w.l(libinit2.o)
    0x08000242   0x08000242   0x00000000   Code   RO          901    .ARM.Collect$$libinit$$0000001F  c_w.l(libinit2.o)
    0x08000242   0x08000242   0x00000000   Code   RO          903    .ARM.Collect$$libinit$$00000021  c_w.l(libinit2.o)
    0x08000242   0x08000242   0x00000000   Code   RO          905    .ARM.Collect$$libinit$$00000023  c_w.l(libinit2.o)
    0x08000242   0x08000242   0x00000000   Code   RO          907    .ARM.Collect$$libinit$$00000025  c_w.l(libinit2.o)
    0x08000242   0x08000242   0x00000004   Code   RO          908    .ARM.Collect$$libinit$$00000026  c_w.l(libinit2.o)
    0x08000246   0x08000246   0x00000000   Code   RO          909    .ARM.Collect$$libinit$$00000027  c_w.l(libinit2.o)
    0x08000246   0x08000246   0x00000000   Code   RO          913    .ARM.Collect$$libinit$$0000002E  c_w.l(libinit2.o)
    0x08000246   0x08000246   0x00000000   Code   RO          915    .ARM.Collect$$libinit$$00000030  c_w.l(libinit2.o)
    0x08000246   0x08000246   0x00000000   Code   RO          917    .ARM.Collect$$libinit$$00000032  c_w.l(libinit2.o)
    0x08000246   0x08000246   0x00000000   Code   RO          919    .ARM.Collect$$libinit$$00000034  c_w.l(libinit2.o)
    0x08000246   0x08000246   0x00000002   Code   RO          920    .ARM.Collect$$libinit$$00000035  c_w.l(libinit2.o)
    0x08000248   0x08000248   0x00000002   Code   RO         1089    .ARM.Collect$$libshutdown$$00000000  c_w.l(libshutdown.o)
    0x0800024a   0x0800024a   0x00000000   Code   RO          922    .ARM.Collect$$libshutdown$$00000002  c_w.l(libshutdown2.o)
    0x0800024a   0x0800024a   0x00000004   Code   RO          923    .ARM.Collect$$libshutdown$$00000003  c_w.l(libshutdown2.o)
    0x0800024e   0x0800024e   0x00000000   Code   RO          924    .ARM.Collect$$libshutdown$$00000004  c_w.l(libshutdown2.o)
    0x0800024e   0x0800024e   0x00000000   Code   RO          927    .ARM.Collect$$libshutdown$$00000007  c_w.l(libshutdown2.o)
    0x0800024e   0x0800024e   0x00000000   Code   RO          930    .ARM.Collect$$libshutdown$$0000000A  c_w.l(libshutdown2.o)
    0x0800024e   0x0800024e   0x00000000   Code   RO          932    .ARM.Collect$$libshutdown$$0000000C  c_w.l(libshutdown2.o)
    0x0800024e   0x0800024e   0x00000000   Code   RO          935    .ARM.Collect$$libshutdown$$0000000F  c_w.l(libshutdown2.o)
    0x0800024e   0x0800024e   0x00000002   Code   RO          936    .ARM.Collect$$libshutdown$$00000010  c_w.l(libshutdown2.o)
    0x08000250   0x08000250   0x00000000   Code   RO          590    .ARM.Collect$$rtentry$$00000000  c_w.l(__rtentry.o)
    0x08000250   0x08000250   0x00000000   Code   RO          695    .ARM.Collect$$rtentry$$00000002  c_w.l(__rtentry2.o)
    0x08000250   0x08000250   0x00000006   Code   RO          707    .ARM.Collect$$rtentry$$00000004  c_w.l(__rtentry4.o)
    0x08000256   0x08000256   0x00000000   Code   RO          697    .ARM.Collect$$rtentry$$00000009  c_w.l(__rtentry2.o)
    0x08000256   0x08000256   0x00000004   Code   RO          698    .ARM.Collect$$rtentry$$0000000A  c_w.l(__rtentry2.o)
    0x0800025a   0x0800025a   0x00000000   Code   RO          700    .ARM.Collect$$rtentry$$0000000C  c_w.l(__rtentry2.o)
    0x0800025a   0x0800025a   0x00000008   Code   RO          701    .ARM.Collect$$rtentry$$0000000D  c_w.l(__rtentry2.o)
    0x08000262   0x08000262   0x00000002   Code   RO          951    .ARM.Collect$$rtexit$$00000000  c_w.l(rtexit.o)
    0x08000264   0x08000264   0x00000000   Code   RO         1017    .ARM.Collect$$rtexit$$00000002  c_w.l(rtexit2.o)
    0x08000264   0x08000264   0x00000004   Code   RO         1018    .ARM.Collect$$rtexit$$00000003  c_w.l(rtexit2.o)
    0x08000268   0x08000268   0x00000006   Code   RO         1019    .ARM.Collect$$rtexit$$00000004  c_w.l(rtexit2.o)
    0x0800026e   0x0800026e   0x00000002   PAD
    0x08000270   0x08000270   0x00000040   Code   RO          544    .text               startup_stm32f10x_md.o
    0x080002b0   0x080002b0   0x00000018   Code   RO          584    .text               c_w.l(printf.o)
    0x080002c8   0x080002c8   0x00000006   Code   RO          586    .text               c_w.l(heapauxi.o)
    0x080002ce   0x080002ce   0x0000004e   Code   RO          593    .text               c_w.l(_printf_pad.o)
    0x0800031c   0x0800031c   0x00000024   Code   RO          595    .text               c_w.l(_printf_truncate.o)
    0x08000340   0x08000340   0x00000052   Code   RO          597    .text               c_w.l(_printf_str.o)
    0x08000392   0x08000392   0x00000002   PAD
    0x08000394   0x08000394   0x00000078   Code   RO          599    .text               c_w.l(_printf_dec.o)
    0x0800040c   0x0800040c   0x00000028   Code   RO          601    .text               c_w.l(_printf_charcount.o)
    0x08000434   0x08000434   0x00000024   Code   RO          603    .text               c_w.l(_printf_char_file.o)
    0x08000458   0x08000458   0x000000bc   Code   RO          605    .text               c_w.l(_printf_wctomb.o)
    0x08000514   0x08000514   0x0000007c   Code   RO          608    .text               c_w.l(_printf_longlong_dec.o)
    0x08000590   0x08000590   0x00000070   Code   RO          614    .text               c_w.l(_printf_oct_int_ll.o)
    0x08000600   0x08000600   0x00000094   Code   RO          634    .text               c_w.l(_printf_hex_int_ll_ptr.o)
    0x08000694   0x08000694   0x00000188   Code   RO          654    .text               c_w.l(__printf_flags_ss_wp.o)
    0x0800081c   0x0800081c   0x0000008a   Code   RO          709    .text               c_w.l(lludiv10.o)
    0x080008a6   0x080008a6   0x000000b2   Code   RO          711    .text               c_w.l(_printf_intcommon.o)
    0x08000958   0x08000958   0x0000041c   Code   RO          713    .text               c_w.l(_printf_fp_dec.o)
    0x08000d74   0x08000d74   0x000002fc   Code   RO          717    .text               c_w.l(_printf_fp_hex.o)
    0x08001070   0x08001070   0x00000030   Code   RO          720    .text               c_w.l(_printf_char_common.o)
    0x080010a0   0x080010a0   0x0000002c   Code   RO          722    .text               c_w.l(_printf_char.o)
    0x080010cc   0x080010cc   0x0000002c   Code   RO          724    .text               c_w.l(_printf_wchar.o)
    0x080010f8   0x080010f8   0x00000008   Code   RO          727    .text               c_w.l(ferror.o)
    0x08001100   0x08001100   0x00000138   Code   RO          733    .text               c_w.l(initio.o)
    0x08001238   0x08001238   0x00000048   Code   RO          741    .text               c_w.l(_c16rtomb.o)
    0x08001280   0x08001280   0x0000004a   Code   RO          748    .text               c_w.l(sys_stackheap_outer.o)
    0x080012ca   0x080012ca   0x00000002   PAD
    0x080012cc   0x080012cc   0x00000010   Code   RO          750    .text               c_w.l(rt_ctype_table.o)
    0x080012dc   0x080012dc   0x00000008   Code   RO          755    .text               c_w.l(rt_locale_intlibspace.o)
    0x080012e4   0x080012e4   0x0000004e   Code   RO          759    .text               c_w.l(h1_free.o)
    0x08001332   0x08001332   0x00000002   PAD
    0x08001334   0x08001334   0x00000080   Code   RO          813    .text               c_w.l(_printf_fp_infnan.o)
    0x080013b4   0x080013b4   0x000000e4   Code   RO          817    .text               c_w.l(bigflt0.o)
    0x08001498   0x08001498   0x000001e2   Code   RO          844    .text               c_w.l(flsbuf.o)
    0x0800167a   0x0800167a   0x00000046   Code   RO          846    .text               c_w.l(setvbuf.o)
    0x080016c0   0x080016c0   0x000000f0   Code   RO          849    .text               c_w.l(fopen.o)
    0x080017b0   0x080017b0   0x0000004c   Code   RO          851    .text               c_w.l(fclose.o)
    0x080017fc   0x080017fc   0x00000012   Code   RO          860    .text               c_w.l(exit.o)
    0x0800180e   0x0800180e   0x0000000e   Code   RO          862    .text               c_w.l(defsig_rtred_outer.o)
    0x0800181c   0x0800181c   0x0000004e   Code   RO          866    .text               c_w.l(rt_memclr_w.o)
    0x0800186a   0x0800186a   0x00000066   Code   RO          944    .text               c_w.l(sys_io.o)
    0x080018d0   0x080018d0   0x00000008   Code   RO          948    .text               c_w.l(libspace.o)
    0x080018d8   0x080018d8   0x00000008   Code   RO          958    .text               c_w.l(rt_heap_descriptor_intlibspace.o)
    0x080018e0   0x080018e0   0x00000004   Code   RO          960    .text               c_w.l(hguard.o)
    0x080018e4   0x080018e4   0x0000008a   Code   RO          962    .text               c_w.l(init_alloc.o)
    0x0800196e   0x0800196e   0x0000005e   Code   RO          968    .text               c_w.l(h1_alloc.o)
    0x080019cc   0x080019cc   0x000000f8   Code   RO          984    .text               c_w.l(fseek.o)
    0x08001ac4   0x08001ac4   0x00000108   Code   RO          986    .text               c_w.l(stdio.o)
    0x08001bcc   0x08001bcc   0x0000000a   Code   RO          995    .text               c_w.l(defsig_exit.o)
    0x08001bd6   0x08001bd6   0x00000002   PAD
    0x08001bd8   0x08001bd8   0x00000034   Code   RO          997    .text               c_w.l(defsig_rtred_inner.o)
    0x08001c0c   0x08001c0c   0x00000080   Code   RO         1003    .text               c_w.l(strcmpv7m.o)
    0x08001c8c   0x08001c8c   0x0000000c   Code   RO         1009    .text               c_w.l(sys_exit.o)
    0x08001c98   0x08001c98   0x00000002   Code   RO         1013    .text               c_w.l(use_no_semi.o)
    0x08001c9a   0x08001c9a   0x00000000   Code   RO         1015    .text               c_w.l(indicate_semi.o)
    0x08001c9a   0x08001c9a   0x00000000   Code   RO         1023    .text               c_w.l(maybetermalloc1.o)
    0x08001c9a   0x08001c9a   0x0000000c   Code   RO         1025    .text               c_w.l(h1_init.o)
    0x08001ca6   0x08001ca6   0x00000034   Code   RO         1027    .text               c_w.l(h1_extend.o)
    0x08001cda   0x08001cda   0x00000042   Code   RO         1039    .text               c_w.l(ftell.o)
    0x08001d1c   0x08001d1c   0x00000032   Code   RO         1047    .text               c_w.l(defsig_general.o)
    0x08001d4e   0x08001d4e   0x0000000e   Code   RO         1049    .text               c_w.l(defsig_rtmem_outer.o)
    0x08001d5c   0x08001d5c   0x0000003e   Code   RO         1053    .text               c_w.l(strlen.o)
    0x08001d9a   0x08001d9a   0x0000000e   Code   RO         1066    .text               c_w.l(sys_wrch.o)
    0x08001da8   0x08001da8   0x00000008   Code   RO         1077    .text               c_w.l(rt_errno_addr_intlibspace.o)
    0x08001db0   0x08001db0   0x00000050   Code   RO         1083    .text               c_w.l(defsig_rtmem_inner.o)
    0x08001e00   0x08001e00   0x00000018   Code   RO           23    .text.AntennaOn     stm32f1_rc522.o
    0x08001e18   0x08001e18   0x000000b4   Code   RO           39    .text.CalulateCRC   stm32f1_rc522.o
    0x08001ecc   0x08001ecc   0x0000002e   Code   RO           21    .text.ClearBitMask  stm32f1_rc522.o
    0x08001efa   0x08001efa   0x00000002   PAD
    0x08001efc   0x08001efc   0x00000186   Code   RO          123    .text.GPIO_Init     stm32f10x_gpio.o
    0x08002082   0x08002082   0x00000002   PAD
    0x08002084   0x08002084   0x00000014   Code   RO          137    .text.GPIO_ResetBits  stm32f10x_gpio.o
    0x08002098   0x08002098   0x00000014   Code   RO          135    .text.GPIO_SetBits  stm32f10x_gpio.o
    0x080020ac   0x080020ac   0x00000092   Code   RO           37    .text.MFRC522_Anticoll  stm32f1_rc522.o
    0x0800213e   0x0800213e   0x00000002   PAD
    0x08002140   0x08002140   0x000000be   Code   RO           43    .text.MFRC522_Auth  stm32f1_rc522.o
    0x080021fe   0x080021fe   0x00000002   PAD
    0x08002200   0x08002200   0x00000060   Code   RO           31    .text.MFRC522_Init  stm32f1_rc522.o
    0x08002260   0x08002260   0x00000050   Code   RO           35    .text.MFRC522_Request  stm32f1_rc522.o
    0x080022b0   0x080022b0   0x0000000c   Code   RO           27    .text.MFRC522_Reset  stm32f1_rc522.o
    0x080022bc   0x080022bc   0x000000be   Code   RO           29    .text.MFRC522_SPI_Init  stm32f1_rc522.o
    0x0800237a   0x0800237a   0x00000002   PAD
    0x0800237c   0x0800237c   0x00000090   Code   RO           41    .text.MFRC522_SelectTag  stm32f1_rc522.o
    0x0800240c   0x0800240c   0x000001fe   Code   RO           33    .text.MFRC522_ToCard  stm32f1_rc522.o
    0x0800260a   0x0800260a   0x00000002   PAD
    0x0800260c   0x0800260c   0x00000056   Code   RO           13    .text.RC522_SPI_Transfer  stm32f1_rc522.o
    0x08002662   0x08002662   0x00000002   PAD
    0x08002664   0x08002664   0x00000038   Code   RO          208    .text.RCC_APB1PeriphClockCmd  stm32f10x_rcc.o
    0x0800269c   0x0800269c   0x00000038   Code   RO          206    .text.RCC_APB2PeriphClockCmd  stm32f10x_rcc.o
    0x080026d4   0x080026d4   0x00000172   Code   RO          202    .text.RCC_GetClocksFreq  stm32f10x_rcc.o
    0x08002846   0x08002846   0x00000002   PAD
    0x08002848   0x08002848   0x00000046   Code   RO           17    .text.Read_MFRC522  stm32f1_rc522.o
    0x0800288e   0x0800288e   0x00000002   PAD
    0x08002890   0x08002890   0x0000002c   Code   RO          245    .text.SPI_Cmd       stm32f10x_spi.o
    0x080028bc   0x080028bc   0x00000036   Code   RO          273    .text.SPI_I2S_GetFlagStatus  stm32f10x_spi.o
    0x080028f2   0x080028f2   0x00000002   PAD
    0x080028f4   0x080028f4   0x0000000c   Code   RO          255    .text.SPI_I2S_ReceiveData  stm32f10x_spi.o
    0x08002900   0x08002900   0x00000014   Code   RO          253    .text.SPI_I2S_SendData  stm32f10x_spi.o
    0x08002914   0x08002914   0x00000068   Code   RO          237    .text.SPI_Init      stm32f10x_spi.o
    0x0800297c   0x0800297c   0x0000002e   Code   RO           19    .text.SetBitMask    stm32f1_rc522.o
    0x080029aa   0x080029aa   0x00000002   PAD
    0x080029ac   0x080029ac   0x00000008   Code   RO          553    .text.SetSysClock   system_stm32f10x.o
    0x080029b4   0x080029b4   0x00000122   Code   RO          557    .text.SetSysClockTo72  system_stm32f10x.o
    0x08002ad6   0x08002ad6   0x00000002   PAD
    0x08002ad8   0x08002ad8   0x00000066   Code   RO          551    .text.SystemInit    system_stm32f10x.o
    0x08002b3e   0x08002b3e   0x00000002   PAD
    0x08002b40   0x08002b40   0x0000002c   Code   RO          330    .text.TIM_Cmd       stm32f10x_tim.o
    0x08002b6c   0x08002b6c   0x0000000c   Code   RO          458    .text.TIM_GetCounter  stm32f10x_tim.o
    0x08002b78   0x08002b78   0x000000ee   Code   RO          298    .text.TIM_OC4Init   stm32f10x_tim.o
    0x08002c66   0x08002c66   0x00000002   PAD
    0x08002c68   0x08002c68   0x0000003e   Code   RO          384    .text.TIM_OC4PreloadConfig  stm32f10x_tim.o
    0x08002ca6   0x08002ca6   0x00000002   PAD
    0x08002ca8   0x08002ca8   0x00000014   Code   RO          436    .text.TIM_SetCounter  stm32f10x_tim.o
    0x08002cbc   0x08002cbc   0x00000142   Code   RO          290    .text.TIM_TimeBaseInit  stm32f10x_tim.o
    0x08002dfe   0x08002dfe   0x00000002   PAD
    0x08002e00   0x08002e00   0x000000aa   Code   RO           94    .text.Tim_PWMinit   pwm.o
    0x08002eaa   0x08002eaa   0x00000002   PAD
    0x08002eac   0x08002eac   0x00000042   Code   RO            4    .text.Tim_init      delay.o
    0x08002eee   0x08002eee   0x00000002   PAD
    0x08002ef0   0x08002ef0   0x000000ac   Code   RO           81    .text.UART_Config_debug  uart_debug.o
    0x08002f9c   0x08002f9c   0x0000002c   Code   RO          487    .text.USART_Cmd     stm32f10x_usart.o
    0x08002fc8   0x08002fc8   0x0000015c   Code   RO          479    .text.USART_Init    stm32f10x_usart.o
    0x08003124   0x08003124   0x00000042   Code   RO           15    .text.Write_MFRC522  stm32f1_rc522.o
    0x08003166   0x08003166   0x00000002   PAD
    0x08003168   0x08003168   0x0000002c   Code   RO            2    .text.delay_ms      delay.o
    0x08003194   0x08003194   0x000001b4   Code   RO           60    .text.main          main.o
    0x08003348   0x08003348   0x0000003e   Code   RO          820    CL$$btod_d2e        c_w.l(btod.o)
    0x08003386   0x08003386   0x00000046   Code   RO          822    CL$$btod_d2e_denorm_low  c_w.l(btod.o)
    0x080033cc   0x080033cc   0x00000060   Code   RO          821    CL$$btod_d2e_norm_op1  c_w.l(btod.o)
    0x0800342c   0x0800342c   0x00000338   Code   RO          830    CL$$btod_div_common  c_w.l(btod.o)
    0x08003764   0x08003764   0x000000dc   Code   RO          827    CL$$btod_e2e        c_w.l(btod.o)
    0x08003840   0x08003840   0x0000002a   Code   RO          824    CL$$btod_ediv       c_w.l(btod.o)
    0x0800386a   0x0800386a   0x0000002a   Code   RO          823    CL$$btod_emul       c_w.l(btod.o)
    0x08003894   0x08003894   0x00000244   Code   RO          829    CL$$btod_mult_common  c_w.l(btod.o)
    0x08003ad8   0x08003ad8   0x00000028   Code   RO          942    i.__ARM_fpclassify  m_ws.l(fpclassify.o)
    0x08003b00   0x08003b00   0x0000000e   Code   RO          647    i._is_digit         c_w.l(__printf_wp.o)
    0x08003b0e   0x08003b0e   0x0000001c   Code   RO          730    i.fputc             c_w.l(fputc.o)
    0x08003b2a   0x08003b2a   0x00000002   PAD
    0x08003b2c   0x08003b2c   0x0000002c   Code   RO          858    locale$$code        c_w.l(lc_numeric_c.o)
    0x08003b58   0x08003b58   0x0000002c   Code   RO          993    locale$$code        c_w.l(lc_ctype_c.o)
    0x08003b84   0x08003b84   0x00000004   Code   RO          686    x$fpl$printf1       fz_ws.l(printf1.o)
    0x08003b88   0x08003b88   0x00000004   Code   RO          688    x$fpl$printf2       fz_ws.l(printf2.o)
    0x08003b8c   0x08003b8c   0x00000000   Code   RO          941    x$fpl$usenofp       fz_ws.l(usenofp.o)
    0x08003b8c   0x08003b8c   0x00000008   Data   RO          606    .constdata          c_w.l(_printf_wctomb.o)
    0x08003b94   0x08003b94   0x00000028   Data   RO          635    .constdata          c_w.l(_printf_hex_int_ll_ptr.o)
    0x08003bbc   0x08003bbc   0x00000011   Data   RO          655    .constdata          c_w.l(__printf_flags_ss_wp.o)
    0x08003bcd   0x08003bcd   0x00000026   Data   RO          718    .constdata          c_w.l(_printf_fp_hex.o)
    0x08003bf3   0x08003bf3   0x00000004   Data   RO          743    .constdata          c_w.l(sys_io_names.o)
    0x08003bf7   0x08003bf7   0x00000004   Data   RO          744    .constdata          c_w.l(sys_io_names.o)
    0x08003bfb   0x08003bfb   0x00000004   Data   RO          745    .constdata          c_w.l(sys_io_names.o)
    0x08003bff   0x08003bff   0x00000001   PAD
    0x08003c00   0x08003c00   0x00000094   Data   RO          818    .constdata          c_w.l(bigflt0.o)
    0x08003c94   0x08003c94   0x00000004   Data   RO          227    .rodata.ADCPrescTable  stm32f10x_rcc.o
    0x08003c98   0x08003c98   0x00000010   Data   RO          226    .rodata.APBAHBPrescTable  stm32f10x_rcc.o
    0x08003ca8   0x08003ca8   0x00000066   Data   RO           68    .rodata.str1.1      main.o
    0x08003d0e   0x08003d0e   0x00000002   PAD
    0x08003d10   0x08003d10   0x00000020   Data   RO         1109    Region$$Table       anon$$obj.o
    0x08003d30   0x08003d30   0x0000001c   Data   RO          857    locale$$data        c_w.l(lc_numeric_c.o)
    0x08003d4c   0x08003d4c   0x00000110   Data   RO          992    locale$$data        c_w.l(lc_ctype_c.o)


    Execution Region RW_IRAM1 (Exec base: 0x20000000, Load base: 0x08003e60, Size: 0x00000798, Max: 0x00005000, ABSOLUTE)

    Exec Addr    Load Addr    Size         Type   Attr      Idx    E Section Name        Object

    0x20000000   0x08003e60   0x00000004   Data   RW          683    .data               c_w.l(stdio_streams.o)
    0x20000004   0x08003e64   0x00000004   Data   RW          684    .data               c_w.l(stdio_streams.o)
    0x20000008   0x08003e68   0x00000004   Data   RW          685    .data               c_w.l(stdio_streams.o)
    0x2000000c   0x08003e6c   0x00000006   Data   RW           64    .data.Key           main.o
    0x20000012   0x08003e72   0x00000006   PAD
    0x20000018        -       0x00000054   Zero   RW          680    .bss                c_w.l(stdio_streams.o)
    0x2000006c        -       0x00000054   Zero   RW          681    .bss                c_w.l(stdio_streams.o)
    0x200000c0        -       0x00000054   Zero   RW          682    .bss                c_w.l(stdio_streams.o)
    0x20000114        -       0x00000060   Zero   RW          949    .bss                c_w.l(libspace.o)
    0x20000174        -       0x00000005   Zero   RW           71    .bss.UID            main.o
    0x20000179   0x08003e72   0x00000003   PAD
    0x2000017c        -       0x00000004   Zero   RW           67    .bss.check          main.o
    0x20000180        -       0x00000001   Zero   RW           69    .bss.status         main.o
    0x20000181        -       0x00000010   Zero   RW           70    .bss.str            main.o
    0x20000191   0x08003e72   0x00000007   PAD
    0x20000198        -       0x00000200   Zero   RW          542    HEAP                startup_stm32f10x_md.o
    0x20000398        -       0x00000400   Zero   RW          541    STACK               startup_stm32f10x_md.o


==============================================================================

Image component sizes


      Code (inc. data)   RO Data    RW Data    ZI Data      Debug   Object Name

       110          0          0          0          0       2113   delay.o
       436          0        102          6         26       1566   main.o
       170          0          0          0          0       2917   pwm.o
        64         26        236          0       1536        844   startup_stm32f10x_md.o
       430          0          0          0          0       5618   stm32f10x_gpio.o
       482          0         20          0          0       6946   stm32f10x_rcc.o
       234          0          0          0          0       6530   stm32f10x_spi.o
       698          0          0          0          0      20321   stm32f10x_tim.o
       392          0          0          0          0       7419   stm32f10x_usart.o
      1886          0          0          0          0       7027   stm32f1_rc522.o
       400          0          0          0          0       2827   system_stm32f10x.o
       172          0          0          0          0       2522   uart_debug.o

    ----------------------------------------------------------------------
      5512         26        392          8       1576      66650   Object Totals
         0          0         32          0          0          0   (incl. Generated)
        38          0          2          2         14          0   (incl. Padding)

    ----------------------------------------------------------------------

      Code (inc. data)   RO Data    RW Data    ZI Data      Debug   Library Member Name

         8          0          0          0          0         68   __main.o
       392          4         17          0          0         92   __printf_flags_ss_wp.o
        14          0          0          0          0         68   __printf_wp.o
         0          0          0          0          0          0   __rtentry.o
        12          0          0          0          0          0   __rtentry2.o
         6          0          0          0          0          0   __rtentry4.o
        94          8          0          0          0          0   __scatter.o
        26          0          0          0          0          0   __scatter_copy.o
        28          0          0          0          0          0   __scatter_zi.o
        72          0          0          0          0         96   _c16rtomb.o
         6          0          0          0          0          0   _printf_a.o
         6          0          0          0          0          0   _printf_c.o
        44          0          0          0          0        108   _printf_char.o
        48          6          0          0          0         96   _printf_char_common.o
        36          4          0          0          0         80   _printf_char_file.o
        40          0          0          0          0         68   _printf_charcount.o
         6          0          0          0          0          0   _printf_d.o
       120         16          0          0          0         92   _printf_dec.o
         6          0          0          0          0          0   _printf_e.o
         6          0          0          0          0          0   _printf_f.o
      1052          0          0          0          0        148   _printf_fp_dec.o
       764          8         38          0          0        100   _printf_fp_hex.o
       128         16          0          0          0         84   _printf_fp_infnan.o
         6          0          0          0          0          0   _printf_g.o
       148          4         40          0          0        160   _printf_hex_int_ll_ptr.o
         6          0          0          0          0          0   _printf_i.o
       178          0          0          0          0         88   _printf_intcommon.o
        10          0          0          0          0          0   _printf_l.o
         6          0          0          0          0          0   _printf_lc.o
        10          0          0          0          0          0   _printf_ll.o
         6          0          0          0          0          0   _printf_lld.o
         6          0          0          0          0          0   _printf_lli.o
         6          0          0          0          0          0   _printf_llo.o
         6          0          0          0          0          0   _printf_llu.o
         6          0          0          0          0          0   _printf_llx.o
       124         16          0          0          0         92   _printf_longlong_dec.o
         6          0          0          0          0          0   _printf_ls.o
         6          0          0          0          0          0   _printf_n.o
         6          0          0          0          0          0   _printf_o.o
       112          8          0          0          0        124   _printf_oct_int_ll.o
         6          0          0          0          0          0   _printf_p.o
        78          0          0          0          0        108   _printf_pad.o
         0          0          0          0          0          0   _printf_percent.o
         4          0          0          0          0          0   _printf_percent_end.o
         6          0          0          0          0          0   _printf_s.o
        82          0          0          0          0         80   _printf_str.o
        36          0          0          0          0         84   _printf_truncate.o
         6          0          0          0          0          0   _printf_u.o
        44          0          0          0          0        108   _printf_wchar.o
       188          6          8          0          0         92   _printf_wctomb.o
         6          0          0          0          0          0   _printf_x.o
       228          4        148          0          0         96   bigflt0.o
      1936        128          0          0          0        668   btod.o
        10          0          0          0          0         68   defsig_exit.o
        50          0          0          0          0         88   defsig_general.o
        80         58          0          0          0         76   defsig_rtmem_inner.o
        14          0          0          0          0         80   defsig_rtmem_outer.o
        52         38          0          0          0         76   defsig_rtred_inner.o
        14          0          0          0          0         80   defsig_rtred_outer.o
        18          0          0          0          0         80   exit.o
        76          0          0          0          0         88   fclose.o
         8          0          0          0          0         68   ferror.o
       482          0          0          0          0         92   flsbuf.o
       240          6          0          0          0        128   fopen.o
        28          0          0          0          0         68   fputc.o
       248          6          0          0          0         84   fseek.o
        66          0          0          0          0         76   ftell.o
        94          0          0          0          0         80   h1_alloc.o
        52          0          0          0          0         68   h1_extend.o
        78          0          0          0          0         80   h1_free.o
        12          0          0          0          0         84   h1_init.o
         6          0          0          0          0        152   heapauxi.o
         4          0          0          0          0        136   hguard.o
         0          0          0          0          0          0   indicate_semi.o
       138          0          0          0          0        168   init_alloc.o
       312         46          0          0          0        112   initio.o
        44         10        272          0          0         76   lc_ctype_c.o
        44         10         28          0          0         76   lc_numeric_c.o
         2          0          0          0          0          0   libinit.o
        42          0          0          0          0          0   libinit2.o
         2          0          0          0          0          0   libshutdown.o
         6          0          0          0          0          0   libshutdown2.o
         8          4          0          0         96         68   libspace.o
       138          0          0          0          0         80   lludiv10.o
         0          0          0          0          0          0   maybetermalloc1.o
        24          4          0          0          0         84   printf.o
        16          4          0          0          0         76   rt_ctype_table.o
         8          4          0          0          0         68   rt_errno_addr_intlibspace.o
         8          4          0          0          0         68   rt_heap_descriptor_intlibspace.o
         8          4          0          0          0         68   rt_locale_intlibspace.o
        78          0          0          0          0         80   rt_memclr_w.o
         2          0          0          0          0          0   rtexit.o
        10          0          0          0          0          0   rtexit2.o
        70          0          0          0          0         80   setvbuf.o
       264          6          0          0          0        160   stdio.o
         0          0          0         12        252          0   stdio_streams.o
       128          0          0          0          0         68   strcmpv7m.o
        62          0          0          0          0         76   strlen.o
        12          4          0          0          0         68   sys_exit.o
       102          0          0          0          0        240   sys_io.o
         0          0         12          0          0          0   sys_io_names.o
        74          0          0          0          0         80   sys_stackheap_outer.o
        14          0          0          0          0         76   sys_wrch.o
         2          0          0          0          0         68   use_no_semi.o
         4          0          0          0          0         68   printf1.o
         4          0          0          0          0         68   printf2.o
         0          0          0          0          0          0   usenofp.o
        40          0          0          0          0         68   fpclassify.o

    ----------------------------------------------------------------------
      9496        436        564         12        348       6696   Library Totals
        16          0          1          0          0          0   (incl. Padding)

    ----------------------------------------------------------------------

      Code (inc. data)   RO Data    RW Data    ZI Data      Debug   Library Name

      9432        436        563         12        348       6492   c_w.l
         8          0          0          0          0        136   fz_ws.l
        40          0          0          0          0         68   m_ws.l

    ----------------------------------------------------------------------
      9496        436        564         12        348       6696   Library Totals

    ----------------------------------------------------------------------

==============================================================================


      Code (inc. data)   RO Data    RW Data    ZI Data      Debug   

     15008        462        956         20       1924      69570   Grand Totals
     15008        462        956         20       1924      69570   ELF Image Totals
     15008        462        956         20          0          0   ROM Totals

==============================================================================

    Total RO  Size (Code + RO Data)                15964 (  15.59kB)
    Total RW  Size (RW Data + ZI Data)              1944 (   1.90kB)
    Total ROM Size (Code + RO Data + RW Data)      15984 (  15.61kB)

==============================================================================

